<html>
<body>
<pre>
<h1>礦ision Build Log</h1>
<h2>Tool Versions:</h2>
IDE-Version: μVision V5.24.2.0
Copyright (C) 2017 ARM Ltd and ARM Germany GmbH. All rights reserved.
License Information: 乐 ASUS, 乐, LIC=EXJT4-F92E9-PCZJ8-35R2W-PW1ZE-5N2HH
 
Tool Versions:
Toolchain:       MDK-ARM Plus  Version: 5.24.1
Toolchain Path:  E:\Keil\ARM\ARMCC\Bin
C Compiler:      Armcc.exe V5.06 update 5 (build 528)
Assembler:       Armasm.exe V5.06 update 5 (build 528)
Linker/Locator:  ArmLink.exe V5.06 update 5 (build 528)
Library Manager: ArmAr.exe V5.06 update 5 (build 528)
Hex Converter:   FromElf.exe V5.06 update 5 (build 528)
CPU DLL:         SARMCM3.DLL V5.24.1
Dialog DLL:      DCM.DLL V1.16.0.0
Target DLL:      STLink\ST-LINKIII-KEIL_SWO.dll V3.0.1.0
Dialog DLL:      TCM.DLL V1.32.0.0
 
<h2>Project:</h2>
C:\Users\ASUS\Desktop\YTL毕设\水杯 - 正本 - 副本\Project.uvprojx
Project File Date:  03/09/2025

<h2>Output:</h2>
*** Using Compiler 'V5.06 update 5 (build 528)', folder: 'E:\Keil\ARM\ARMCC\Bin'
Rebuild target 'Target 1'
assembling startup_stm32f10x_md.s...
compiling stm32f10x_adc.c...
compiling stm32f10x_can.c...
compiling system_stm32f10x.c...
compiling stm32f10x_cec.c...
compiling stm32f10x_dbgmcu.c...
compiling stm32f10x_crc.c...
compiling misc.c...
compiling stm32f10x_dma.c...
compiling stm32f10x_exti.c...
compiling stm32f10x_pwr.c...
compiling stm32f10x_fsmc.c...
compiling stm32f10x_flash.c...
compiling stm32f10x_iwdg.c...
compiling stm32f10x_i2c.c...
compiling stm32f10x_gpio.c...
compiling stm32f10x_usart.c...
compiling stm32f10x_wwdg.c...
compiling stm32f10x_rcc.c...
compiling Delay.c...
compiling stm32f10x_rtc.c...
compiling stm32f10x_sdio.c...
compiling stm32f10x_spi.c...
compiling stm32f10x_tim.c...
compiling keychar.c...
compiling OLED.c...
compiling Key.c...
compiling HW.c...
compiling HX711.c...
compiling adcx.c...
compiling LED.c...
compiling DHT11.c...
Hardware\DHT11.c(107): warning:  #1-D: last line of file ends without a newline
  	 
Hardware\DHT11.c: 1 warning, 0 errors
compiling sys.c...
compiling OLED_Data.c...
compiling common.c...
compiling bsp_i2c.c...
compiling stm32f10x_it.c...
compiling mpu6050.c...
compiling usart2.c...
compiling dataPointTools.c...
compiling timer.c...
Hardware\timer.c(188): warning:  #223-D: function "gizTimerMs" declared implicitly
  				gizTimerMs();
Hardware\timer.c: 1 warning, 0 errors
compiling main.c...
compiling gizwits_product.c...
Gizwits\gizwits_product.c(50): warning:  #177-D: variable "dataPointPtr"  was declared but never referenced
      dataPoint_t *dataPointPtr = (dataPoint_t *)gizdata;
Gizwits\gizwits_product.c: 1 warning, 0 errors
compiling ringbuffer.c...
compiling gizwits_protocol.c...
Gizwits\gizwits_protocol.c(146): warning:  #177-D: function "gizDataPoint2Event"  was declared but never referenced
  static int8_t ICACHE_FLASH_ATTR gizDataPoint2Event(uint8_t *issuedData, eventInfo_t *info, dataPoint_t *dataPoints)
Gizwits\gizwits_protocol.c: 1 warning, 0 errors
compiling stm32f10x_bkp.c...
compiling stm32f10x_dac.c...
compiling core_cm3.c...
linking...
Program Size: Code=16984 RO-data=2988 RW-data=104 ZI-data=3176  
".\Objects\Project.axf" - 0 Error(s), 4 Warning(s).

<h2>Software Packages used:</h2>

Package Vendor: Keil
                http://www.keil.com/pack/Keil.STM32F1xx_DFP.2.2.0.pack
                Keil.STM32F1xx_DFP.2.2.0
                STMicroelectronics STM32F1 Series Device Support, Drivers and Examples

<h2>Collection of Component include folders:</h2>
  .\RTE\_Target_1
  E:\Keil\ARM\PACK\Keil\STM32F1xx_DFP\2.2.0\Device\Include

<h2>Collection of Component Files used:</h2>
Build Time Elapsed:  00:00:42
</pre>
</body>
</html>
