Component: ARM Compiler 5.06 update 5 (build 528) Tool: armlink [4d35e2]

==============================================================================

Section Cross References

    startup_stm32f10x_md.o(STACK) refers (Special) to heapauxi.o(.text) for __use_two_region_memory
    startup_stm32f10x_md.o(HEAP) refers (Special) to heapauxi.o(.text) for __use_two_region_memory
    startup_stm32f10x_md.o(RESET) refers (Special) to heapauxi.o(.text) for __use_two_region_memory
    startup_stm32f10x_md.o(RESET) refers to startup_stm32f10x_md.o(STACK) for __initial_sp
    startup_stm32f10x_md.o(RESET) refers to startup_stm32f10x_md.o(.text) for Reset_Handler
    startup_stm32f10x_md.o(RESET) refers to stm32f10x_it.o(i.NMI_Handler) for NMI_Handler
    startup_stm32f10x_md.o(RESET) refers to stm32f10x_it.o(i.HardFault_Handler) for HardFault_Handler
    startup_stm32f10x_md.o(RESET) refers to stm32f10x_it.o(i.MemManage_Handler) for MemManage_Handler
    startup_stm32f10x_md.o(RESET) refers to stm32f10x_it.o(i.BusFault_Handler) for BusFault_Handler
    startup_stm32f10x_md.o(RESET) refers to stm32f10x_it.o(i.UsageFault_Handler) for UsageFault_Handler
    startup_stm32f10x_md.o(RESET) refers to stm32f10x_it.o(i.SVC_Handler) for SVC_Handler
    startup_stm32f10x_md.o(RESET) refers to stm32f10x_it.o(i.DebugMon_Handler) for DebugMon_Handler
    startup_stm32f10x_md.o(RESET) refers to stm32f10x_it.o(i.PendSV_Handler) for PendSV_Handler
    startup_stm32f10x_md.o(RESET) refers to stm32f10x_it.o(i.SysTick_Handler) for SysTick_Handler
    startup_stm32f10x_md.o(RESET) refers to timer.o(i.TIM1_UP_IRQHandler) for TIM1_UP_IRQHandler
    startup_stm32f10x_md.o(RESET) refers to timer.o(i.TIM4_IRQHandler) for TIM4_IRQHandler
    startup_stm32f10x_md.o(RESET) refers to usart2.o(i.USART2_IRQHandler) for USART2_IRQHandler
    startup_stm32f10x_md.o(.text) refers (Special) to heapauxi.o(.text) for __use_two_region_memory
    startup_stm32f10x_md.o(.text) refers to system_stm32f10x.o(i.SystemInit) for SystemInit
    startup_stm32f10x_md.o(.text) refers to __main.o(!!!main) for __main
    startup_stm32f10x_md.o(.text) refers to startup_stm32f10x_md.o(HEAP) for Heap_Mem
    startup_stm32f10x_md.o(.text) refers to startup_stm32f10x_md.o(STACK) for Stack_Mem
    system_stm32f10x.o(i.SetSysClock) refers to system_stm32f10x.o(i.SetSysClockTo72) for SetSysClockTo72
    system_stm32f10x.o(i.SystemCoreClockUpdate) refers to system_stm32f10x.o(.data) for SystemCoreClock
    system_stm32f10x.o(i.SystemInit) refers to system_stm32f10x.o(i.SetSysClock) for SetSysClock
    stm32f10x_adc.o(i.ADC_DeInit) refers to stm32f10x_rcc.o(i.RCC_APB2PeriphResetCmd) for RCC_APB2PeriphResetCmd
    stm32f10x_bkp.o(i.BKP_DeInit) refers to stm32f10x_rcc.o(i.RCC_BackupResetCmd) for RCC_BackupResetCmd
    stm32f10x_can.o(i.CAN_DeInit) refers to stm32f10x_rcc.o(i.RCC_APB1PeriphResetCmd) for RCC_APB1PeriphResetCmd
    stm32f10x_can.o(i.CAN_GetITStatus) refers to stm32f10x_can.o(i.CheckITStatus) for CheckITStatus
    stm32f10x_cec.o(i.CEC_DeInit) refers to stm32f10x_rcc.o(i.RCC_APB1PeriphResetCmd) for RCC_APB1PeriphResetCmd
    stm32f10x_dac.o(i.DAC_DeInit) refers to stm32f10x_rcc.o(i.RCC_APB1PeriphResetCmd) for RCC_APB1PeriphResetCmd
    stm32f10x_flash.o(i.FLASH_EnableWriteProtection) refers to stm32f10x_flash.o(i.FLASH_WaitForLastOperation) for FLASH_WaitForLastOperation
    stm32f10x_flash.o(i.FLASH_EraseAllBank1Pages) refers to stm32f10x_flash.o(i.FLASH_WaitForLastBank1Operation) for FLASH_WaitForLastBank1Operation
    stm32f10x_flash.o(i.FLASH_EraseAllPages) refers to stm32f10x_flash.o(i.FLASH_WaitForLastOperation) for FLASH_WaitForLastOperation
    stm32f10x_flash.o(i.FLASH_EraseOptionBytes) refers to stm32f10x_flash.o(i.FLASH_GetReadOutProtectionStatus) for FLASH_GetReadOutProtectionStatus
    stm32f10x_flash.o(i.FLASH_EraseOptionBytes) refers to stm32f10x_flash.o(i.FLASH_WaitForLastOperation) for FLASH_WaitForLastOperation
    stm32f10x_flash.o(i.FLASH_ErasePage) refers to stm32f10x_flash.o(i.FLASH_WaitForLastOperation) for FLASH_WaitForLastOperation
    stm32f10x_flash.o(i.FLASH_ProgramHalfWord) refers to stm32f10x_flash.o(i.FLASH_WaitForLastOperation) for FLASH_WaitForLastOperation
    stm32f10x_flash.o(i.FLASH_ProgramOptionByteData) refers to stm32f10x_flash.o(i.FLASH_WaitForLastOperation) for FLASH_WaitForLastOperation
    stm32f10x_flash.o(i.FLASH_ProgramWord) refers to stm32f10x_flash.o(i.FLASH_WaitForLastOperation) for FLASH_WaitForLastOperation
    stm32f10x_flash.o(i.FLASH_ReadOutProtection) refers to stm32f10x_flash.o(i.FLASH_WaitForLastOperation) for FLASH_WaitForLastOperation
    stm32f10x_flash.o(i.FLASH_UserOptionByteConfig) refers to stm32f10x_flash.o(i.FLASH_WaitForLastOperation) for FLASH_WaitForLastOperation
    stm32f10x_flash.o(i.FLASH_WaitForLastBank1Operation) refers to stm32f10x_flash.o(i.FLASH_GetBank1Status) for FLASH_GetBank1Status
[...]
    .text                                    0x08000198   Section       64  startup_stm32f10x_md.o(.text)
    .text                                    0x080001d8   Section        2  use_no_semi_2.o(.text)
    .text                                    0x080001da   Section        0  h1_free.o(.text)
    .text                                    0x08000228   Section        0  __2printf.o(.text)
    .text                                    0x08000240   Section        0  _printf_pad.o(.text)
    .text                                    0x08000290   Section        0  _printf_dec.o(.text)
    .text                                    0x08000308   Section        0  _printf_hex_int_ll_ptr.o(.text)
    _printf_hex_common                       0x08000309   Thumb Code     0  _printf_hex_int_ll_ptr.o(.text)
    .text                                    0x0800039c   Section        0  __printf_flags_ss_wp.o(.text)
    .text                                    0x08000524   Section      138  rt_memcpy_v6.o(.text)
    .text                                    0x080005ae   Section      100  rt_memcpy_w.o(.text)
    .text                                    0x08000612   Section       16  aeabi_memset.o(.text)
    .text                                    0x08000622   Section       68  rt_memclr.o(.text)
    .text                                    0x08000666   Section       78  rt_memclr_w.o(.text)
    .text                                    0x080006b4   Section      128  strcmpv7m.o(.text)
    .text                                    0x08000734   Section        0  heapauxi.o(.text)
    .text                                    0x0800073a   Section        2  use_no_semi.o(.text)
    .text                                    0x0800073c   Section        8  rt_heap_descriptor_intlibspace.o(.text)
    .text                                    0x08000744   Section        0  _printf_intcommon.o(.text)
    .text                                    0x080007f8   Section        0  _printf_char_common.o(.text)
    _printf_input_char                       0x080007f9   Thumb Code    10  _printf_char_common.o(.text)
    .text                                    0x08000828   Section        0  _printf_char_file.o(.text)
    .text                                    0x0800084c   Section        8  libspace.o(.text)
    .text                                    0x08000854   Section        0  ferror.o(.text)
    .text                                    0x0800085c   Section       74  sys_stackheap_outer.o(.text)
    .text                                    0x080008a6   Section        0  exit.o(.text)
    i.BusFault_Handler                       0x080008b8   Section        0  stm32f10x_it.o(i.BusFault_Handler)
    i.DHT11_GPIO_Config                      0x080008bc   Section        0  dht11.o(i.DHT11_GPIO_Config)
    i.DHT11_Mode_IPU                         0x080008f0   Section        0  dht11.o(i.DHT11_Mode_IPU)
    DHT11_Mode_IPU                           0x080008f1   Thumb Code    24  dht11.o(i.DHT11_Mode_IPU)
    i.DHT11_Mode_Out_PP                      0x0800090c   Section        0  dht11.o(i.DHT11_Mode_Out_PP)
    DHT11_Mode_Out_PP                        0x0800090d   Thumb Code    30  dht11.o(i.DHT11_Mode_Out_PP)
    i.DHT11dushu                             0x08000930   Section        0  main.o(i.DHT11dushu)
    i.DebugMon_Handler                       0x08000974   Section        0  stm32f10x_it.o(i.DebugMon_Handler)
    i.Delay_ms                               0x08000976   Section        0  delay.o(i.Delay_ms)
    i.Delay_us                               0x0800098e   Section        0  delay.o(i.Delay_us)
    i.GPIO_Init                              0x080009bc   Section        0  stm32f10x_gpio.o(i.GPIO_Init)
    i.GPIO_ReadInputDataBit                  0x08000ad2   Section        0  stm32f10x_gpio.o(i.GPIO_ReadInputDataBit)
    i.GPIO_ResetBits                         0x08000ae4   Section        0  stm32f10x_gpio.o(i.GPIO_ResetBits)
    i.GPIO_SetBits                           0x08000ae8   Section        0  stm32f10x_gpio.o(i.GPIO_SetBits)
    i.GPIO_WriteBit                          0x08000aec   Section        0  stm32f10x_gpio.o(i.GPIO_WriteBit)
    i.Get_Maopi                              0x08000af8   Section        0  hx711.o(i.Get_Maopi)
    i.Get_Weight                             0x08000b08   Section        0  hx711.o(i.Get_Weight)
    i.HW_GetData                             0x08000b6c   Section        0  hw.o(i.HW_GetData)
    i.HW_Init                                0x08000b88   Section        0  hw.o(i.HW_Init)
    i.HX711_Read                             0x08000bac   Section        0  hx711.o(i.HX711_Read)
    i.HardFault_Handler                      0x08000c20   Section        0  stm32f10x_it.o(i.HardFault_Handler)
    i.Init_HX711pin                          0x08000c24   Section        0  hx711.o(i.Init_HX711pin)
    i.MPU6050ReadAcc                         0x08000c6c   Section        0  mpu6050.o(i.MPU6050ReadAcc)
    i.MPU6050_Init                           0x08000cac   Section        0  mpu6050.o(i.MPU6050_Init)
    i.MPU6050_ReadData                       0x08000cf4   Section        0  mpu6050.o(i.MPU6050_ReadData)
    i.MPU6050_WriteReg                       0x08000d4c   Section        0  mpu6050.o(i.MPU6050_WriteReg)
    i.MemManage_Handler                      0x08000d7a   Section        0  stm32f10x_it.o(i.MemManage_Handler)
    i.NMI_Handler                            0x08000d7e   Section        0  stm32f10x_it.o(i.NMI_Handler)
    i.NVIC_Init                              0x08000d80   Section        0  misc.o(i.NVIC_Init)
    i.OLEDDHT11                              0x08000df0   Section        0  main.o(i.OLEDDHT11)
    i.OLED_Clear                             0x08000ecc   Section        0  oled.o(i.OLED_Clear)
    i.OLED_ClearArea                         0x08000ef4   Section        0  oled.o(i.OLED_ClearArea)
    i.OLED_GPIO_Init                         0x08000f84   Section        0  oled.o(i.OLED_GPIO_Init)
    i.OLED_Init                              0x0800101c   Section        0  oled.o(i.OLED_Init)
    i.OLED_Pow                               0x080010b6   Section        0  oled.o(i.OLED_Pow)
    i.OLED_SPI_SendByte                      0x080010ca   Section        0  oled.o(i.OLED_SPI_SendByte)
    i.OLED_SetCursor                         0x080010fc   Section        0  oled.o(i.OLED_SetCursor)
    i.OLED_ShowChar                          0x08001120   Section        0  oled.o(i.OLED_ShowChar)
    i.OLED_ShowChinese                       0x08001174   Section        0  oled.o(i.OLED_ShowChinese)
    i.OLED_ShowImage                         0x0800120c   Section        0  oled.o(i.OLED_ShowImage)
    i.OLED_ShowNum                           0x08001308   Section        0  oled.o(i.OLED_ShowNum)
    i.OLED_ShowString                        0x08001354   Section        0  oled.o(i.OLED_ShowString)
    i.OLED_Update                            0x08001384   Section        0  oled.o(i.OLED_Update)
    i.OLED_W_CS                              0x080013ac   Section        0  oled.o(i.OLED_W_CS)
    i.OLED_W_D0                              0x080013c0   Section        0  oled.o(i.OLED_W_D0)
    i.OLED_W_D1                              0x080013d4   Section        0  oled.o(i.OLED_W_D1)
    i.OLED_W_DC                              0x080013e8   Section        0  oled.o(i.OLED_W_DC)
    i.OLED_W_RES                             0x080013fc   Section        0  oled.o(i.OLED_W_RES)
    i.OLED_WriteCommand                      0x08001410   Section        0  oled.o(i.OLED_WriteCommand)
    i.OLED_WriteData                         0x0800142e   Section        0  oled.o(i.OLED_WriteData)
    i.PendSV_Handler                         0x0800145a   Section        0  stm32f10x_it.o(i.PendSV_Handler)
    i.RCC_APB1PeriphClockCmd                 0x0800145c   Section        0  stm32f10x_rcc.o(i.RCC_APB1PeriphClockCmd)
    i.RCC_APB2PeriphClockCmd                 0x0800147c   Section        0  stm32f10x_rcc.o(i.RCC_APB2PeriphClockCmd)
    i.RCC_GetClocksFreq                      0x0800149c   Section        0  stm32f10x_rcc.o(i.RCC_GetClocksFreq)
    i.Read_Byte                              0x08001570   Section        0  dht11.o(i.Read_Byte)
    Read_Byte                                0x08001571   Thumb Code    90  dht11.o(i.Read_Byte)
    i.Read_DHT11                             0x080015d0   Section        0  dht11.o(i.Read_DHT11)
    i.SVC_Handler                            0x08001670   Section        0  stm32f10x_it.o(i.SVC_Handler)
    i.SetSysClock                            0x08001672   Section        0  system_stm32f10x.o(i.SetSysClock)
    SetSysClock                              0x08001673   Thumb Code     8  system_stm32f10x.o(i.SetSysClock)
    i.SetSysClockTo72                        0x0800167c   Section        0  system_stm32f10x.o(i.SetSysClockTo72)
    SetSysClockTo72                          0x0800167d   Thumb Code   214  system_stm32f10x.o(i.SetSysClockTo72)
    i.SysTick_Handler                        0x0800175c   Section        0  stm32f10x_it.o(i.SysTick_Handler)
    i.SystemInit                             0x08001760   Section        0  system_stm32f10x.o(i.SystemInit)
    i.TIM1_UP_IRQHandler                     0x080017c0   Section        0  timer.o(i.TIM1_UP_IRQHandler)
    i.TIM4_IRQHandler                        0x080017d8   Section        0  timer.o(i.TIM4_IRQHandler)
    i.TIM4_Int_Init                          0x080017f8   Section        0  timer.o(i.TIM4_Int_Init)
    i.TIM_ClearFlag                          0x08001858   Section        0  stm32f10x_tim.o(i.TIM_ClearFlag)
    i.TIM_ClearITPendingBit                  0x0800185e   Section        0  stm32f10x_tim.o(i.TIM_ClearITPendingBit)
    i.TIM_Cmd                                0x08001864   Section        0  stm32f10x_tim.o(i.TIM_Cmd)
    i.TIM_GetITStatus                        0x0800187c   Section        0  stm32f10x_tim.o(i.TIM_GetITStatus)
    i.TIM_ITConfig                           0x0800189e   Section        0  stm32f10x_tim.o(i.TIM_ITConfig)
    i.TIM_TimeBaseInit                       0x080018b0   Section        0  stm32f10x_tim.o(i.TIM_TimeBaseInit)
    i.USART2_IRQHandler                      0x08001954   Section        0  usart2.o(i.USART2_IRQHandler)
    i.USART_Cmd                              0x0800197c   Section        0  stm32f10x_usart.o(i.USART_Cmd)
    i.USART_GetFlagStatus                    0x08001994   Section        0  stm32f10x_usart.o(i.USART_GetFlagStatus)
    i.USART_GetITStatus                      0x080019ae   Section        0  stm32f10x_usart.o(i.USART_GetITStatus)
    i.USART_ITConfig                         0x08001a02   Section        0  stm32f10x_usart.o(i.USART_ITConfig)
    i.USART_Init                             0x08001a4c   Section        0  stm32f10x_usart.o(i.USART_Init)
    i.USART_ReceiveData                      0x08001b24   Section        0  stm32f10x_usart.o(i.USART_ReceiveData)
    i.USART_SendData                         0x08001b2e   Section        0  stm32f10x_usart.o(i.USART_SendData)
    i.UsageFault_Handler                     0x08001b36   Section        0  stm32f10x_it.o(i.UsageFault_Handler)
    i.ZTjianc_Pro                            0x08001b3c   Section        0  main.o(i.ZTjianc_Pro)
    i._is_digit                              0x08001cb4   Section        0  __printf_wp.o(i._is_digit)
    i._sys_exit                              0x08001cc2   Section        0  usart2.o(i._sys_exit)
    i.exchangeBytes                          0x08001cc6   Section        0  common.o(i.exchangeBytes)
    i.exchangeWord                           0x08001ce0   Section        0  common.o(i.exchangeWord)
    i.fputc                                  0x08001cfa   Section        0  usart2.o(i.fputc)
    i.gizByteOrderExchange                   0x08001cfc   Section        0  datapointtools.o(i.gizByteOrderExchange)
    i.gizCheckReport                         0x08001d30   Section        0  gizwits_protocol.o(i.gizCheckReport)
    gizCheckReport                           0x08001d31   Thumb Code   196  gizwits_protocol.o(i.gizCheckReport)
    i.gizDataPoints2ReportData               0x08001e64   Section        0  gizwits_protocol.o(i.gizDataPoints2ReportData)
    gizDataPoints2ReportData                 0x08001e65   Thumb Code   250  gizwits_protocol.o(i.gizDataPoints2ReportData)
    i.gizDevReportPolicy                     0x08001f94   Section        0  gizwits_protocol.o(i.gizDevReportPolicy)
    gizDevReportPolicy                       0x08001f95   Thumb Code   176  gizwits_protocol.o(i.gizDevReportPolicy)
    i.gizGetTimerCount                       0x08002084   Section        0  gizwits_product.o(i.gizGetTimerCount)
    i.gizProtocolAckHandle                   0x08002090   Section        0  gizwits_protocol.o(i.gizProtocolAckHandle)
    gizProtocolAckHandle                     0x08002091   Thumb Code    94  gizwits_protocol.o(i.gizProtocolAckHandle)
    i.gizProtocolCommonAck                   0x0800211c   Section        0  gizwits_protocol.o(i.gizProtocolCommonAck)
    gizProtocolCommonAck                     0x0800211d   Thumb Code    86  gizwits_protocol.o(i.gizProtocolCommonAck)
    i.gizProtocolErrorCmd                    0x080021bc   Section        0  gizwits_protocol.o(i.gizProtocolErrorCmd)
    gizProtocolErrorCmd                      0x080021bd   Thumb Code    90  gizwits_protocol.o(i.gizProtocolErrorCmd)
    i.gizProtocolGetDeviceInfo               0x08002260   Section        0  gizwits_protocol.o(i.gizProtocolGetDeviceInfo)
    gizProtocolGetDeviceInfo                 0x08002261   Thumb Code   182  gizwits_protocol.o(i.gizProtocolGetDeviceInfo)
    i.gizProtocolGetOnePacket                0x080023dc   Section        0  gizwits_protocol.o(i.gizProtocolGetOnePacket)
    gizProtocolGetOnePacket                  0x080023dd   Thumb Code   380  gizwits_protocol.o(i.gizProtocolGetOnePacket)
    i.gizProtocolHeadInit                    0x080025d8   Section        0  gizwits_protocol.o(i.gizProtocolHeadInit)
    gizProtocolHeadInit                      0x080025d9   Thumb Code    34  gizwits_protocol.o(i.gizProtocolHeadInit)
    i.gizProtocolIssuedDataAck               0x08002628   Section        0  gizwits_protocol.o(i.gizProtocolIssuedDataAck)
    gizProtocolIssuedDataAck                 0x08002629   Thumb Code   226  gizwits_protocol.o(i.gizProtocolIssuedDataAck)
    i.gizProtocolIssuedProcess               0x08002764   Section        0  gizwits_protocol.o(i.gizProtocolIssuedProcess)
    gizProtocolIssuedProcess                 0x08002765   Thumb Code   220  gizwits_protocol.o(i.gizProtocolIssuedProcess)
    i.gizProtocolModuleInfoHandle            0x08002898   Section        0  gizwits_protocol.o(i.gizProtocolModuleInfoHandle)
    gizProtocolModuleInfoHandle              0x08002899   Thumb Code    66  gizwits_protocol.o(i.gizProtocolModuleInfoHandle)
    i.gizProtocolModuleStatus                0x080028f4   Section        0  gizwits_protocol.o(i.gizProtocolModuleStatus)
    gizProtocolModuleStatus                  0x080028f5   Thumb Code   816  gizwits_protocol.o(i.gizProtocolModuleStatus)
    i.gizProtocolNTP                         0x08002df8   Section        0  gizwits_protocol.o(i.gizProtocolNTP)
    gizProtocolNTP                           0x08002df9   Thumb Code   112  gizwits_protocol.o(i.gizProtocolNTP)
    i.gizProtocolReboot                      0x08002e84   Section        0  gizwits_protocol.o(i.gizProtocolReboot)
    gizProtocolReboot                        0x08002e85   Thumb Code    28  gizwits_protocol.o(i.gizProtocolReboot)
    i.gizProtocolResendData                  0x08002ea0   Section        0  gizwits_protocol.o(i.gizProtocolResendData)
    gizProtocolResendData                    0x08002ea1   Thumb Code    64  gizwits_protocol.o(i.gizProtocolResendData)
    i.gizProtocolSum                         0x08002f1c   Section        0  common.o(i.gizProtocolSum)
    i.gizProtocolWaitAck                     0x08002f44   Section        0  gizwits_protocol.o(i.gizProtocolWaitAck)
    gizProtocolWaitAck                       0x08002f45   Thumb Code    70  gizwits_protocol.o(i.gizProtocolWaitAck)
    i.gizProtocolWaitAckCheck                0x08002fa8   Section        0  gizwits_protocol.o(i.gizProtocolWaitAckCheck)
    gizProtocolWaitAckCheck                  0x08002fa9   Thumb Code    44  gizwits_protocol.o(i.gizProtocolWaitAckCheck)
    i.gizPutData                             0x08002ff0   Section        0  gizwits_protocol.o(i.gizPutData)
    i.gizReportData                          0x08003064   Section        0  gizwits_protocol.o(i.gizReportData)
    gizReportData                            0x08003065   Thumb Code   170  gizwits_protocol.o(i.gizReportData)
    i.gizTimerMs                             0x08003158   Section        0  gizwits_product.o(i.gizTimerMs)
    i.gizY2X                                 0x08003168   Section        0  datapointtools.o(i.gizY2X)
    i.gizwitsEventProcess                    0x08003178   Section        0  gizwits_product.o(i.gizwitsEventProcess)
    i.gizwitsHandle                          0x080032ac   Section        0  gizwits_protocol.o(i.gizwitsHandle)
    i.gizwitsInit                            0x080035c8   Section        0  gizwits_protocol.o(i.gizwitsInit)
    i.i2c_Ack                                0x0800362c   Section        0  bsp_i2c.o(i.i2c_Ack)
    i.i2c_Delay                              0x08003664   Section        0  bsp_i2c.o(i.i2c_Delay)
    i2c_Delay                                0x08003665   Thumb Code    14  bsp_i2c.o(i.i2c_Delay)
    i.i2c_GPIO_Config                        0x08003674   Section        0  bsp_i2c.o(i.i2c_GPIO_Config)
    i.i2c_NAck                               0x080036a4   Section        0  bsp_i2c.o(i.i2c_NAck)
    i.i2c_ReadByte                           0x080036d4   Section        0  bsp_i2c.o(i.i2c_ReadByte)
    i.i2c_SendByte                           0x08003728   Section        0  bsp_i2c.o(i.i2c_SendByte)
    i.i2c_Start                              0x08003784   Section        0  bsp_i2c.o(i.i2c_Start)
    i.i2c_Stop                               0x080037b8   Section        0  bsp_i2c.o(i.i2c_Stop)
    i.i2c_WaitAck                            0x080037dc   Section        0  bsp_i2c.o(i.i2c_WaitAck)
    i.main                                   0x08003820   Section        0  main.o(i.main)
    i.mcuRestart                             0x08003884   Section        0  gizwits_product.o(i.mcuRestart)
    i.rbCanRead                              0x080038b4   Section        0  ringbuffer.o(i.rbCanRead)
    i.rbCanWrite                             0x080038ec   Section        0  ringbuffer.o(i.rbCanWrite)
    i.rbCapacity                             0x0800390a   Section        0  ringbuffer.o(i.rbCapacity)
    i.rbCreate                               0x08003918   Section        0  ringbuffer.o(i.rbCreate)
    i.rbRead                                 0x0800392e   Section        0  ringbuffer.o(i.rbRead)
    i.rbWrite                                0x080039d0   Section        0  ringbuffer.o(i.rbWrite)
    i.uartWrite                              0x08003a6c   Section        0  gizwits_product.o(i.uartWrite)
    i.usart2_init                            0x08003ac4   Section        0  usart2.o(i.usart2_init)
    i.userHandle                             0x08003b68   Section        0  gizwits_product.o(i.userHandle)
    i.userInit                               0x08003b8c   Section        0  gizwits_product.o(i.userInit)
    x$fpl$d2f                                0x08003ba8   Section       98  d2f.o(x$fpl$d2f)
    x$fpl$ddiv                               0x08003c0c   Section      688  ddiv.o(x$fpl$ddiv)
    ddiv_entry                               0x08003c13   Thumb Code     0  ddiv.o(x$fpl$ddiv)
    x$fpl$dfix                               0x08003ebc   Section       94  dfix.o(x$fpl$dfix)
    x$fpl$dflt                               0x08003f1a   Section       46  dflt_clz.o(x$fpl$dflt)
    x$fpl$dmul                               0x08003f48   Section      340  dmul.o(x$fpl$dmul)
    x$fpl$dnaninf                            0x0800409c   Section      156  dnaninf.o(x$fpl$dnaninf)
    x$fpl$dretinf                            0x08004138   Section       12  dretinf.o(x$fpl$dretinf)
    x$fpl$f2d                                0x08004144   Section       86  f2d.o(x$fpl$f2d)
    x$fpl$fcmpinf                            0x0800419a   Section       24  fcmpi.o(x$fpl$fcmpinf)
    x$fpl$fflt                               0x080041b4   Section       48  fflt_clz.o(x$fpl$fflt)
    x$fpl$fleqf                              0x080041e4   Section      104  fleqf.o(x$fpl$fleqf)
    x$fpl$fnaninf                            0x0800424c   Section      140  fnaninf.o(x$fpl$fnaninf)
    x$fpl$fretinf                            0x080042d8   Section       10  fretinf.o(x$fpl$fretinf)
    x$fpl$frleqf                             0x080042e2   Section       98  frleqf.o(x$fpl$frleqf)
    .constdata                               0x08004344   Section     2662  oled_data.o(.constdata)
    x$fpl$usenofp                            0x08004344   Section        0  usenofp.o(x$fpl$usenofp)
    .constdata                               0x08004daa   Section       40  _printf_hex_int_ll_ptr.o(.constdata)
    uc_hextab                                0x08004daa   Data          20  _printf_hex_int_ll_ptr.o(.constdata)
    lc_hextab                                0x08004dbe   Data          20  _printf_hex_int_ll_ptr.o(.constdata)
    .constdata                               0x08004dd2   Section       17  __printf_flags_ss_wp.o(.constdata)
    maptable                                 0x08004dd2   Data          17  __printf_flags_ss_wp.o(.constdata)
    .data                                    0x20000000   Section       20  stm32f10x_rcc.o(.data)
    APBAHBPrescTable                         0x20000000   Data          16  stm32f10x_rcc.o(.data)
    ADCPrescTable                            0x20000010   Data           4  stm32f10x_rcc.o(.data)
    .data                                    0x20000014   Section       13  hx711.o(.data)
    .data                                    0x20000024   Section        4  usart2.o(.data)
    .data                                    0x20000028   Section       42  main.o(.data)
    .data                                    0x20000054   Section        4  gizwits_product.o(.data)
    timerMsCount                             0x20000054   Data           4  gizwits_product.o(.data)
    .data                                    0x20000058   Section       16  gizwits_protocol.o(.data)
    lastReportTime                           0x20000058   Data           4  gizwits_protocol.o(.data)
    lastRepTime                              0x2000005c   Data           4  gizwits_protocol.o(.data)
    protocolFlag                             0x20000060   Data           1  gizwits_protocol.o(.data)
    protocolCount                            0x20000062   Data           2  gizwits_protocol.o(.data)
    lastData                                 0x20000064   Data           1  gizwits_protocol.o(.data)
    debugCount                               0x20000065   Data           1  gizwits_protocol.o(.data)
    lastStatus                               0x20000066   Data           2  gizwits_protocol.o(.data)
    .bss                                     0x20000068   Section     1024  oled.o(.bss)
    .bss                                     0x20000468   Section       12  gizwits_product.o(.bss)
    .bss                                     0x20000474   Section      506  gizwits_protocol.o(.bss)
    rbBuf                                    0x20000600   Data         110  gizwits_protocol.o(.bss)
    .bss                                     0x20000670   Section       96  libspace.o(.bss)
    HEAP                                     0x200006d0   Section      512  startup_stm32f10x_md.o(HEAP)
    Heap_Mem                                 0x200006d0   Data         512  startup_stm32f10x_md.o(HEAP)
    STACK                                    0x200008d0   Section     1024  startup_stm32f10x_md.o(STACK)
    Stack_Mem                                0x200008d0   Data        1024  startup_stm32f10x_md.o(STACK)
    __initial_sp                             0x20000cd0   Data           0  startup_stm32f10x_md.o(STACK)

    Global Symbols

    Symbol Name                              Value     Ov Type        Size  Object(Section)

    BuildAttributes$$THM_ISAv4$P$D$K$B$S$PE$A:L22UL41UL21$X:L11$S22US41US21$IEEE1$IW$USESV6$~STKCKD$USESV7$~SHL$OTIME$ROPI$IEEEX$EBA8$UX$STANDARDLIB$REQ8$PRES8$EABIv2 0x00000000   Number         0  anon$$obj.o ABSOLUTE
    __ARM_use_no_argv                        0x00000000   Number         0  main.o ABSOLUTE
    _printf_flags                            0x00000000   Number         0  printf_stubs.o ABSOLUTE
    _printf_return_value                     0x00000000   Number         0  printf_stubs.o ABSOLUTE
    _printf_sizespec                         0x00000000   Number         0  printf_stubs.o ABSOLUTE
    _printf_widthprec                        0x00000000   Number         0  printf_stubs.o ABSOLUTE
    __ARM_exceptions_init                     - Undefined Weak Reference
    __alloca_initialize                       - Undefined Weak Reference
    __arm_preinit_                            - Undefined Weak Reference
    __cpp_initialize__aeabi_                  - Undefined Weak Reference
    __cxa_finalize                            - Undefined Weak Reference
    __sigvec_lookup                           - Undefined Weak Reference
    __user_heap_extent                        - Undefined Weak Reference
    _atexit_init                              - Undefined Weak Reference
    _call_atexit_fns                          - Undefined Weak Reference
    _clock_init                               - Undefined Weak Reference
    _fp_trap_init                             - Undefined Weak Reference
    _fp_trap_shutdown                         - Undefined Weak Reference
    _get_lc_collate                           - Undefined Weak Reference
    _get_lc_monetary                          - Undefined Weak Reference
    _get_lc_time                              - Undefined Weak Reference
    _getenv_init                              - Undefined Weak Reference
    _handle_redirection                       - Undefined Weak Reference
    _initio                                   - Undefined Weak Reference
    _mutex_acquire                            - Undefined Weak Reference
    _mutex_free                               - Undefined Weak Reference
    _mutex_release                            - Undefined Weak Reference
    _printf_mbtowc                            - Undefined Weak Reference
    _printf_wc                                - Undefined Weak Reference
    _rand_init                                - Undefined Weak Reference
    _signal_finish                            - Undefined Weak Reference
    _signal_init                              - Undefined Weak Reference
    _terminateio                              - Undefined Weak Reference
    __Vectors_Size                           0x000000ec   Number         0  startup_stm32f10x_md.o ABSOLUTE
    __Vectors                                0x08000000   Data           4  startup_stm32f10x_md.o(RESET)
    __Vectors_End                            0x080000ec   Data           0  startup_stm32f10x_md.o(RESET)
    __main                                   0x080000ed   Thumb Code     8  __main.o(!!!main)
    __scatterload                            0x080000f5   Thumb Code     0  __scatter.o(!!!scatter)
    __scatterload_rt2                        0x080000f5   Thumb Code    44  __scatter.o(!!!scatter)
    __scatterload_rt2_thumb_only             0x080000f5   Thumb Code     0  __scatter.o(!!!scatter)
    __scatterload_null                       0x08000103   Thumb Code     0  __scatter.o(!!!scatter)
    __scatterload_copy                       0x08000129   Thumb Code    26  __scatter_copy.o(!!handler_copy)
    __scatterload_zeroinit                   0x08000145   Thumb Code    28  __scatter_zi.o(!!handler_zi)
    _printf_d                                0x08000161   Thumb Code     0  _printf_d.o(.ARM.Collect$$_printf_percent$$00000009)
    _printf_percent                          0x08000161   Thumb Code     0  _printf_percent.o(.ARM.Collect$$_printf_percent$$00000000)
    _printf_x                                0x08000167   Thumb Code     0  _printf_x.o(.ARM.Collect$$_printf_percent$$0000000C)
    _printf_percent_end                      0x0800016d   Thumb Code     0  _printf_percent_end.o(.ARM.Collect$$_printf_percent$$00000017)
    __rt_lib_init                            0x08000171   Thumb Code     0  libinit.o(.ARM.Collect$$libinit$$00000000)
    __rt_lib_init_alloca_1                   0x08000173   Thumb Code     0  libinit2.o(.ARM.Collect$$libinit$$0000002E)
    __rt_lib_init_argv_1                     0x08000173   Thumb Code     0  libinit2.o(.ARM.Collect$$libinit$$0000002C)
    __rt_lib_init_atexit_1                   0x08000173   Thumb Code     0  libinit2.o(.ARM.Collect$$libinit$$0000001B)
    __rt_lib_init_clock_1                    0x08000173   Thumb Code     0  libinit2.o(.ARM.Collect$$libinit$$00000021)
    __rt_lib_init_cpp_1                      0x08000173   Thumb Code     0  libinit2.o(.ARM.Collect$$libinit$$00000032)
    __rt_lib_init_exceptions_1               0x08000173   Thumb Code     0  libinit2.o(.ARM.Collect$$libinit$$00000030)
    __rt_lib_init_fp_1                       0x08000173   Thumb Code     0  libinit2.o(.ARM.Collect$$libinit$$00000002)
    __rt_lib_init_fp_trap_1                  0x08000173   Thumb Code     0  libinit2.o(.ARM.Collect$$libinit$$0000001F)
    __rt_lib_init_getenv_1                   0x08000173   Thumb Code     0  libinit2.o(.ARM.Collect$$libinit$$00000023)
    __rt_lib_init_heap_1                     0x08000173   Thumb Code     0  libinit2.o(.ARM.Collect$$libinit$$0000000A)
    __rt_lib_init_lc_collate_1               0x08000173   Thumb Code     0  libinit2.o(.ARM.Collect$$libinit$$00000011)
    __rt_lib_init_lc_ctype_1                 0x08000173   Thumb Code     0  libinit2.o(.ARM.Collect$$libinit$$00000013)
    __rt_lib_init_lc_monetary_1              0x08000173   Thumb Code     0  libinit2.o(.ARM.Collect$$libinit$$00000015)
    __rt_lib_init_lc_numeric_1               0x08000173   Thumb Code     0  libinit2.o(.ARM.Collect$$libinit$$00000017)
    __rt_lib_init_lc_time_1                  0x08000173   Thumb Code     0  libinit2.o(.ARM.Collect$$libinit$$00000019)
    __rt_lib_init_preinit_1                  0x08000173   Thumb Code     0  libinit2.o(.ARM.Collect$$libinit$$00000004)
    __rt_lib_init_rand_1                     0x08000173   Thumb Code     0  libinit2.o(.ARM.Collect$$libinit$$0000000E)
    __rt_lib_init_return                     0x08000173   Thumb Code     0  libinit2.o(.ARM.Collect$$libinit$$00000033)
    __rt_lib_init_signal_1                   0x08000173   Thumb Code     0  libinit2.o(.ARM.Collect$$libinit$$0000001D)
    __rt_lib_init_stdio_1                    0x08000173   Thumb Code     0  libinit2.o(.ARM.Collect$$libinit$$00000025)
    __rt_lib_init_user_alloc_1               0x08000173   Thumb Code     0  libinit2.o(.ARM.Collect$$libinit$$0000000C)
    __rt_lib_shutdown                        0x08000175   Thumb Code     0  libshutdown.o(.ARM.Collect$$libshutdown$$00000000)
    __rt_lib_shutdown_cpp_1                  0x08000177   Thumb Code     0  libshutdown2.o(.ARM.Collect$$libshutdown$$00000002)
    __rt_lib_shutdown_fp_trap_1              0x08000177   Thumb Code     0  libshutdown2.o(.ARM.Collect$$libshutdown$$00000007)
    __rt_lib_shutdown_heap_1                 0x08000177   Thumb Code     0  libshutdown2.o(.ARM.Collect$$libshutdown$$0000000F)
    __rt_lib_shutdown_return                 0x08000177   Thumb Code     0  libshutdown2.o(.ARM.Collect$$libshutdown$$00000010)
    __rt_lib_shutdown_signal_1               0x08000177   Thumb Code     0  libshutdown2.o(.ARM.Collect$$libshutdown$$0000000A)
    __rt_lib_shutdown_stdio_1                0x08000177   Thumb Code     0  libshutdown2.o(.ARM.Collect$$libshutdown$$00000004)
    __rt_lib_shutdown_user_alloc_1           0x08000177   Thumb Code     0  libshutdown2.o(.ARM.Collect$$libshutdown$$0000000C)
    __rt_entry                               0x08000179   Thumb Code     0  __rtentry.o(.ARM.Collect$$rtentry$$00000000)
    __rt_entry_presh_1                       0x08000179   Thumb Code     0  __rtentry2.o(.ARM.Collect$$rtentry$$00000002)
    __rt_entry_sh                            0x08000179   Thumb Code     0  __rtentry4.o(.ARM.Collect$$rtentry$$00000004)
    __rt_entry_li                            0x0800017f   Thumb Code     0  __rtentry2.o(.ARM.Collect$$rtentry$$0000000A)
    __rt_entry_postsh_1                      0x0800017f   Thumb Code     0  __rtentry2.o(.ARM.Collect$$rtentry$$00000009)
    __rt_entry_main                          0x08000183   Thumb Code     0  __rtentry2.o(.ARM.Collect$$rtentry$$0000000D)
    __rt_entry_postli_1                      0x08000183   Thumb Code     0  __rtentry2.o(.ARM.Collect$$rtentry$$0000000C)
    __rt_exit                                0x0800018b   Thumb Code     0  rtexit.o(.ARM.Collect$$rtexit$$00000000)
    __rt_exit_ls                             0x0800018d   Thumb Code     0  rtexit2.o(.ARM.Collect$$rtexit$$00000003)
    __rt_exit_prels_1                        0x0800018d   Thumb Code     0  rtexit2.o(.ARM.Collect$$rtexit$$00000002)
    __rt_exit_exit                           0x08000191   Thumb Code     0  rtexit2.o(.ARM.Collect$$rtexit$$00000004)
    Reset_Handler                            0x08000199   Thumb Code     8  startup_stm32f10x_md.o(.text)
    ADC1_2_IRQHandler                        0x080001b3   Thumb Code     0  startup_stm32f10x_md.o(.text)
    CAN1_RX1_IRQHandler                      0x080001b3   Thumb Code     0  startup_stm32f10x_md.o(.text)
    CAN1_SCE_IRQHandler                      0x080001b3   Thumb Code     0  startup_stm32f10x_md.o(.text)
    DMA1_Channel1_IRQHandler                 0x080001b3   Thumb Code     0  startup_stm32f10x_md.o(.text)
    DMA1_Channel2_IRQHandler                 0x080001b3   Thumb Code     0  startup_stm32f10x_md.o(.text)
    DMA1_Channel3_IRQHandler                 0x080001b3   Thumb Code     0  startup_stm32f10x_md.o(.text)
    DMA1_Channel4_IRQHandler                 0x080001b3   Thumb Code     0  startup_stm32f10x_md.o(.text)
    DMA1_Channel5_IRQHandler                 0x080001b3   Thumb Code     0  startup_stm32f10x_md.o(.text)
    DMA1_Channel6_IRQHandler                 0x080001b3   Thumb Code     0  startup_stm32f10x_md.o(.text)
    DMA1_Channel7_IRQHandler                 0x080001b3   Thumb Code     0  startup_stm32f10x_md.o(.text)
    EXTI0_IRQHandler                         0x080001b3   Thumb Code     0  startup_stm32f10x_md.o(.text)
    EXTI15_10_IRQHandler                     0x080001b3   Thumb Code     0  startup_stm32f10x_md.o(.text)
    EXTI1_IRQHandler                         0x080001b3   Thumb Code     0  startup_stm32f10x_md.o(.text)
    EXTI2_IRQHandler                         0x080001b3   Thumb Code     0  startup_stm32f10x_md.o(.text)
    EXTI3_IRQHandler                         0x080001b3   Thumb Code     0  startup_stm32f10x_md.o(.text)
    EXTI4_IRQHandler                         0x080001b3   Thumb Code     0  startup_stm32f10x_md.o(.text)
    EXTI9_5_IRQHandler                       0x080001b3   Thumb Code     0  startup_stm32f10x_md.o(.text)
    FLASH_IRQHandler                         0x080001b3   Thumb Code     0  startup_stm32f10x_md.o(.text)
    I2C1_ER_IRQHandler                       0x080001b3   Thumb Code     0  startup_stm32f10x_md.o(.text)
    I2C1_EV_IRQHandler                       0x080001b3   Thumb Code     0  startup_stm32f10x_md.o(.text)
    I2C2_ER_IRQHandler                       0x080001b3   Thumb Code     0  startup_stm32f10x_md.o(.text)
    I2C2_EV_IRQHandler                       0x080001b3   Thumb Code     0  startup_stm32f10x_md.o(.text)
    PVD_IRQHandler                           0x080001b3   Thumb Code     0  startup_stm32f10x_md.o(.text)
    RCC_IRQHandler                           0x080001b3   Thumb Code     0  startup_stm32f10x_md.o(.text)
    RTCAlarm_IRQHandler                      0x080001b3   Thumb Code     0  startup_stm32f10x_md.o(.text)
    RTC_IRQHandler                           0x080001b3   Thumb Code     0  startup_stm32f10x_md.o(.text)
    SPI1_IRQHandler                          0x080001b3   Thumb Code     0  startup_stm32f10x_md.o(.text)
    SPI2_IRQHandler                          0x080001b3   Thumb Code     0  startup_stm32f10x_md.o(.text)
    TAMPER_IRQHandler                        0x080001b3   Thumb Code     0  startup_stm32f10x_md.o(.text)
    TIM1_BRK_IRQHandler                      0x080001b3   Thumb Code     0  startup_stm32f10x_md.o(.text)
    TIM1_CC_IRQHandler                       0x080001b3   Thumb Code     0  startup_stm32f10x_md.o(.text)
    TIM1_TRG_COM_IRQHandler                  0x080001b3   Thumb Code     0  startup_stm32f10x_md.o(.text)
    TIM2_IRQHandler                          0x080001b3   Thumb Code     0  startup_stm32f10x_md.o(.text)
    TIM3_IRQHandler                          0x080001b3   Thumb Code     0  startup_stm32f10x_md.o(.text)
    USART1_IRQHandler                        0x080001b3   Thumb Code     0  startup_stm32f10x_md.o(.text)
    USART3_IRQHandler                        0x080001b3   Thumb Code     0  startup_stm32f10x_md.o(.text)
    USBWakeUp_IRQHandler                     0x080001b3   Thumb Code     0  startup_stm32f10x_md.o(.text)
    USB_HP_CAN1_TX_IRQHandler                0x080001b3   Thumb Code     0  startup_stm32f10x_md.o(.text)
    USB_LP_CAN1_RX0_IRQHandler               0x080001b3   Thumb Code     0  startup_stm32f10x_md.o(.text)
    WWDG_IRQHandler                          0x080001b3   Thumb Code     0  startup_stm32f10x_md.o(.text)
    __user_initial_stackheap                 0x080001b5   Thumb Code     0  startup_stm32f10x_md.o(.text)
    __use_no_semihosting                     0x080001d9   Thumb Code     2  use_no_semi_2.o(.text)
    free                                     0x080001db   Thumb Code    78  h1_free.o(.text)
    __2printf                                0x08000229   Thumb Code    20  __2printf.o(.text)
    _printf_pre_padding                      0x08000241   Thumb Code    44  _printf_pad.o(.text)
    _printf_post_padding                     0x0800026d   Thumb Code    34  _printf_pad.o(.text)
    _printf_int_dec                          0x08000291   Thumb Code   104  _printf_dec.o(.text)
    _printf_longlong_hex                     0x08000309   Thumb Code    86  _printf_hex_int_ll_ptr.o(.text)
    _printf_int_hex                          0x0800035f   Thumb Code    28  _printf_hex_int_ll_ptr.o(.text)
    _printf_ll_hex                           0x0800037b   Thumb Code    12  _printf_hex_int_ll_ptr.o(.text)
    _printf_hex_ptr                          0x08000387   Thumb Code    18  _printf_hex_int_ll_ptr.o(.text)
    __printf                                 0x0800039d   Thumb Code   388  __printf_flags_ss_wp.o(.text)
    __aeabi_memcpy                           0x08000525   Thumb Code     0  rt_memcpy_v6.o(.text)
    __rt_memcpy                              0x08000525   Thumb Code   138  rt_memcpy_v6.o(.text)
    _memcpy_lastbytes                        0x0800058b   Thumb Code     0  rt_memcpy_v6.o(.text)
    __aeabi_memcpy4                          0x080005af   Thumb Code     0  rt_memcpy_w.o(.text)
    __aeabi_memcpy8                          0x080005af   Thumb Code     0  rt_memcpy_w.o(.text)
    __rt_memcpy_w                            0x080005af   Thumb Code   100  rt_memcpy_w.o(.text)
    _memcpy_lastbytes_aligned                0x080005f7   Thumb Code     0  rt_memcpy_w.o(.text)
    __aeabi_memset                           0x08000613   Thumb Code    16  aeabi_memset.o(.text)
    __aeabi_memclr                           0x08000623   Thumb Code     0  rt_memclr.o(.text)
    __rt_memclr                              0x08000623   Thumb Code    68  rt_memclr.o(.text)
    _memset                                  0x08000627   Thumb Code     0  rt_memclr.o(.text)
    __aeabi_memclr4                          0x08000667   Thumb Code     0  rt_memclr_w.o(.text)
    __aeabi_memclr8                          0x08000667   Thumb Code     0  rt_memclr_w.o(.text)
    __rt_memclr_w                            0x08000667   Thumb Code    78  rt_memclr_w.o(.text)
    _memset_w                                0x0800066b   Thumb Code     0  rt_memclr_w.o(.text)
    strcmp                                   0x080006b5   Thumb Code   128  strcmpv7m.o(.text)
    __use_two_region_memory                  0x08000735   Thumb Code     2  heapauxi.o(.text)
    __rt_heap_escrow                         0x08000737   Thumb Code     2  heapauxi.o(.text)
    __rt_heap_expand                         0x08000739   Thumb Code     2  heapauxi.o(.text)
    __I$use$semihosting                      0x0800073b   Thumb Code     0  use_no_semi.o(.text)
    __use_no_semihosting_swi                 0x0800073b   Thumb Code     2  use_no_semi.o(.text)
    __rt_heap_descriptor                     0x0800073d   Thumb Code     8  rt_heap_descriptor_intlibspace.o(.text)
    _printf_int_common                       0x08000745   Thumb Code   178  _printf_intcommon.o(.text)
    _printf_char_common                      0x08000803   Thumb Code    32  _printf_char_common.o(.text)
    _printf_char_file                        0x08000829   Thumb Code    32  _printf_char_file.o(.text)
    __user_libspace                          0x0800084d   Thumb Code     8  libspace.o(.text)
    __user_perproc_libspace                  0x0800084d   Thumb Code     0  libspace.o(.text)
    __user_perthread_libspace                0x0800084d   Thumb Code     0  libspace.o(.text)
    ferror                                   0x08000855   Thumb Code     8  ferror.o(.text)
    __user_setup_stackheap                   0x0800085d   Thumb Code    74  sys_stackheap_outer.o(.text)
    exit                                     0x080008a7   Thumb Code    18  exit.o(.text)
    BusFault_Handler                         0x080008b9   Thumb Code     4  stm32f10x_it.o(i.BusFault_Handler)
    DHT11_GPIO_Config                        0x080008bd   Thumb Code    46  dht11.o(i.DHT11_GPIO_Config)
    DHT11dushu                               0x08000931   Thumb Code    46  main.o(i.DHT11dushu)
    DebugMon_Handler                         0x08000975   Thumb Code     2  stm32f10x_it.o(i.DebugMon_Handler)
    Delay_ms                                 0x08000977   Thumb Code    24  delay.o(i.Delay_ms)
    Delay_us                                 0x0800098f   Thumb Code    46  delay.o(i.Delay_us)
    GPIO_Init                                0x080009bd   Thumb Code   278  stm32f10x_gpio.o(i.GPIO_Init)
    GPIO_ReadInputDataBit                    0x08000ad3   Thumb Code    18  stm32f10x_gpio.o(i.GPIO_ReadInputDataBit)
    GPIO_ResetBits                           0x08000ae5   Thumb Code     4  stm32f10x_gpio.o(i.GPIO_ResetBits)
    GPIO_SetBits                             0x08000ae9   Thumb Code     4  stm32f10x_gpio.o(i.GPIO_SetBits)
    GPIO_WriteBit                            0x08000aed   Thumb Code    10  stm32f10x_gpio.o(i.GPIO_WriteBit)
    Get_Maopi                                0x08000af9   Thumb Code    12  hx711.o(i.Get_Maopi)
    Get_Weight                               0x08000b09   Thumb Code    84  hx711.o(i.Get_Weight)
    HW_GetData                               0x08000b6d   Thumb Code    24  hw.o(i.HW_GetData)
    HW_Init                                  0x08000b89   Thumb Code    32  hw.o(i.HW_Init)
    HX711_Read                               0x08000bad   Thumb Code   108  hx711.o(i.HX711_Read)
    HardFault_Handler                        0x08000c21   Thumb Code     4  stm32f10x_it.o(i.HardFault_Handler)
    Init_HX711pin                            0x08000c25   Thumb Code    66  hx711.o(i.Init_HX711pin)
    MPU6050ReadAcc                           0x08000c6d   Thumb Code    64  mpu6050.o(i.MPU6050ReadAcc)
    MPU6050_Init                             0x08000cad   Thumb Code    72  mpu6050.o(i.MPU6050_Init)
    MPU6050_ReadData                         0x08000cf5   Thumb Code    88  mpu6050.o(i.MPU6050_ReadData)
    MPU6050_WriteReg                         0x08000d4d   Thumb Code    46  mpu6050.o(i.MPU6050_WriteReg)
    MemManage_Handler                        0x08000d7b   Thumb Code     4  stm32f10x_it.o(i.MemManage_Handler)
    NMI_Handler                              0x08000d7f   Thumb Code     2  stm32f10x_it.o(i.NMI_Handler)
    NVIC_Init                                0x08000d81   Thumb Code   100  misc.o(i.NVIC_Init)
    OLEDDHT11                                0x08000df1   Thumb Code   144  main.o(i.OLEDDHT11)
    OLED_Clear                               0x08000ecd   Thumb Code    36  oled.o(i.OLED_Clear)
    OLED_ClearArea                           0x08000ef5   Thumb Code   140  oled.o(i.OLED_ClearArea)
    OLED_GPIO_Init                           0x08000f85   Thumb Code   148  oled.o(i.OLED_GPIO_Init)
    OLED_Init                                0x0800101d   Thumb Code   154  oled.o(i.OLED_Init)
    OLED_Pow                                 0x080010b7   Thumb Code    20  oled.o(i.OLED_Pow)
    OLED_SPI_SendByte                        0x080010cb   Thumb Code    50  oled.o(i.OLED_SPI_SendByte)
    OLED_SetCursor                           0x080010fd   Thumb Code    34  oled.o(i.OLED_SetCursor)
    OLED_ShowChar                            0x08001121   Thumb Code    74  oled.o(i.OLED_ShowChar)
    OLED_ShowChinese                         0x08001175   Thumb Code   144  oled.o(i.OLED_ShowChinese)
    OLED_ShowImage                           0x0800120d   Thumb Code   248  oled.o(i.OLED_ShowImage)
    OLED_ShowNum                             0x08001309   Thumb Code    76  oled.o(i.OLED_ShowNum)
    OLED_ShowString                          0x08001355   Thumb Code    46  oled.o(i.OLED_ShowString)
    OLED_Update                              0x08001385   Thumb Code    36  oled.o(i.OLED_Update)
    OLED_W_CS                                0x080013ad   Thumb Code    16  oled.o(i.OLED_W_CS)
    OLED_W_D0                                0x080013c1   Thumb Code    16  oled.o(i.OLED_W_D0)
    OLED_W_D1                                0x080013d5   Thumb Code    16  oled.o(i.OLED_W_D1)
    OLED_W_DC                                0x080013e9   Thumb Code    16  oled.o(i.OLED_W_DC)
    OLED_W_RES                               0x080013fd   Thumb Code    16  oled.o(i.OLED_W_RES)
    OLED_WriteCommand                        0x08001411   Thumb Code    30  oled.o(i.OLED_WriteCommand)
    OLED_WriteData                           0x0800142f   Thumb Code    44  oled.o(i.OLED_WriteData)
    PendSV_Handler                           0x0800145b   Thumb Code     2  stm32f10x_it.o(i.PendSV_Handler)
    RCC_APB1PeriphClockCmd                   0x0800145d   Thumb Code    26  stm32f10x_rcc.o(i.RCC_APB1PeriphClockCmd)
    RCC_APB2PeriphClockCmd                   0x0800147d   Thumb Code    26  stm32f10x_rcc.o(i.RCC_APB2PeriphClockCmd)
    RCC_GetClocksFreq                        0x0800149d   Thumb Code   192  stm32f10x_rcc.o(i.RCC_GetClocksFreq)
    Read_DHT11                               0x080015d1   Thumb Code   154  dht11.o(i.Read_DHT11)
    SVC_Handler                              0x08001671   Thumb Code     2  stm32f10x_it.o(i.SVC_Handler)
    SysTick_Handler                          0x0800175d   Thumb Code     2  stm32f10x_it.o(i.SysTick_Handler)
    SystemInit                               0x08001761   Thumb Code    78  system_stm32f10x.o(i.SystemInit)
    TIM1_UP_IRQHandler                       0x080017c1   Thumb Code    20  timer.o(i.TIM1_UP_IRQHandler)
    TIM4_IRQHandler                          0x080017d9   Thumb Code    26  timer.o(i.TIM4_IRQHandler)
    TIM4_Int_Init                            0x080017f9   Thumb Code    90  timer.o(i.TIM4_Int_Init)
    TIM_ClearFlag                            0x08001859   Thumb Code     6  stm32f10x_tim.o(i.TIM_ClearFlag)
    TIM_ClearITPendingBit                    0x0800185f   Thumb Code     6  stm32f10x_tim.o(i.TIM_ClearITPendingBit)
    TIM_Cmd                                  0x08001865   Thumb Code    24  stm32f10x_tim.o(i.TIM_Cmd)
    TIM_GetITStatus                          0x0800187d   Thumb Code    34  stm32f10x_tim.o(i.TIM_GetITStatus)
    TIM_ITConfig                             0x0800189f   Thumb Code    18  stm32f10x_tim.o(i.TIM_ITConfig)
    TIM_TimeBaseInit                         0x080018b1   Thumb Code   122  stm32f10x_tim.o(i.TIM_TimeBaseInit)
    USART2_IRQHandler                        0x08001955   Thumb Code    34  usart2.o(i.USART2_IRQHandler)
    USART_Cmd                                0x0800197d   Thumb Code    24  stm32f10x_usart.o(i.USART_Cmd)
    USART_GetFlagStatus                      0x08001995   Thumb Code    26  stm32f10x_usart.o(i.USART_GetFlagStatus)
    USART_GetITStatus                        0x080019af   Thumb Code    84  stm32f10x_usart.o(i.USART_GetITStatus)
    USART_ITConfig                           0x08001a03   Thumb Code    74  stm32f10x_usart.o(i.USART_ITConfig)
    USART_Init                               0x08001a4d   Thumb Code   210  stm32f10x_usart.o(i.USART_Init)
    USART_ReceiveData                        0x08001b25   Thumb Code    10  stm32f10x_usart.o(i.USART_ReceiveData)
    USART_SendData                           0x08001b2f   Thumb Code     8  stm32f10x_usart.o(i.USART_SendData)
    UsageFault_Handler                       0x08001b37   Thumb Code     4  stm32f10x_it.o(i.UsageFault_Handler)
    ZTjianc_Pro                              0x08001b3d   Thumb Code   334  main.o(i.ZTjianc_Pro)
    _is_digit                                0x08001cb5   Thumb Code    14  __printf_wp.o(i._is_digit)
    _sys_exit                                0x08001cc3   Thumb Code     4  usart2.o(i._sys_exit)
    exchangeBytes                            0x08001cc7   Thumb Code    26  common.o(i.exchangeBytes)
    exchangeWord                             0x08001ce1   Thumb Code    26  common.o(i.exchangeWord)
    fputc                                    0x08001cfb   Thumb Code     2  usart2.o(i.fputc)
    gizByteOrderExchange                     0x08001cfd   Thumb Code    50  datapointtools.o(i.gizByteOrderExchange)
    gizGetTimerCount                         0x08002085   Thumb Code     6  gizwits_product.o(i.gizGetTimerCount)
    gizProtocolSum                           0x08002f1d   Thumb Code    38  common.o(i.gizProtocolSum)
    gizPutData                               0x08002ff1   Thumb Code    52  gizwits_protocol.o(i.gizPutData)
    gizTimerMs                               0x08003159   Thumb Code    12  gizwits_product.o(i.gizTimerMs)
    gizY2X                                   0x08003169   Thumb Code    14  datapointtools.o(i.gizY2X)
    gizwitsEventProcess                      0x08003179   Thumb Code   174  gizwits_product.o(i.gizwitsEventProcess)
    gizwitsHandle                            0x080032ad   Thumb Code   548  gizwits_protocol.o(i.gizwitsHandle)
    gizwitsInit                              0x080035c9   Thumb Code    46  gizwits_protocol.o(i.gizwitsInit)
    i2c_Ack                                  0x0800362d   Thumb Code    52  bsp_i2c.o(i.i2c_Ack)
    i2c_GPIO_Config                          0x08003675   Thumb Code    44  bsp_i2c.o(i.i2c_GPIO_Config)
    i2c_NAck                                 0x080036a5   Thumb Code    42  bsp_i2c.o(i.i2c_NAck)
    i2c_ReadByte                             0x080036d5   Thumb Code    80  bsp_i2c.o(i.i2c_ReadByte)
    i2c_SendByte                             0x08003729   Thumb Code    88  bsp_i2c.o(i.i2c_SendByte)
    i2c_Start                                0x08003785   Thumb Code    48  bsp_i2c.o(i.i2c_Start)
    i2c_Stop                                 0x080037b9   Thumb Code    32  bsp_i2c.o(i.i2c_Stop)
    i2c_WaitAck                              0x080037dd   Thumb Code    62  bsp_i2c.o(i.i2c_WaitAck)
    main                                     0x08003821   Thumb Code    94  main.o(i.main)
    mcuRestart                               0x08003885   Thumb Code    38  gizwits_product.o(i.mcuRestart)
    rbCanRead                                0x080038b5   Thumb Code    56  ringbuffer.o(i.rbCanRead)
    rbCanWrite                               0x080038ed   Thumb Code    30  ringbuffer.o(i.rbCanWrite)
    rbCapacity                               0x0800390b   Thumb Code    14  ringbuffer.o(i.rbCapacity)
    rbCreate                                 0x08003919   Thumb Code    22  ringbuffer.o(i.rbCreate)
    rbRead                                   0x0800392f   Thumb Code   162  ringbuffer.o(i.rbRead)
    rbWrite                                  0x080039d1   Thumb Code   154  ringbuffer.o(i.rbWrite)
    uartWrite                                0x08003a6d   Thumb Code    82  gizwits_product.o(i.uartWrite)
    usart2_init                              0x08003ac5   Thumb Code   154  usart2.o(i.usart2_init)
    userHandle                               0x08003b69   Thumb Code    22  gizwits_product.o(i.userHandle)
    userInit                                 0x08003b8d   Thumb Code    22  gizwits_product.o(i.userInit)
    __aeabi_d2f                              0x08003ba9   Thumb Code     0  d2f.o(x$fpl$d2f)
    _d2f                                     0x08003ba9   Thumb Code    98  d2f.o(x$fpl$d2f)
    __aeabi_ddiv                             0x08003c0d   Thumb Code     0  ddiv.o(x$fpl$ddiv)
    _ddiv                                    0x08003c0d   Thumb Code   552  ddiv.o(x$fpl$ddiv)
    __aeabi_d2iz                             0x08003ebd   Thumb Code     0  dfix.o(x$fpl$dfix)
    _dfix                                    0x08003ebd   Thumb Code    94  dfix.o(x$fpl$dfix)
    __aeabi_i2d                              0x08003f1b   Thumb Code     0  dflt_clz.o(x$fpl$dflt)
    _dflt                                    0x08003f1b   Thumb Code    46  dflt_clz.o(x$fpl$dflt)
    __aeabi_dmul                             0x08003f49   Thumb Code     0  dmul.o(x$fpl$dmul)
    _dmul                                    0x08003f49   Thumb Code   332  dmul.o(x$fpl$dmul)
    __fpl_dnaninf                            0x0800409d   Thumb Code   156  dnaninf.o(x$fpl$dnaninf)
    __fpl_dretinf                            0x08004139   Thumb Code    12  dretinf.o(x$fpl$dretinf)
    __aeabi_f2d                              0x08004145   Thumb Code     0  f2d.o(x$fpl$f2d)
    _f2d                                     0x08004145   Thumb Code    86  f2d.o(x$fpl$f2d)
    __fpl_fcmp_Inf                           0x0800419b   Thumb Code    24  fcmpi.o(x$fpl$fcmpinf)
    __aeabi_i2f                              0x080041b5   Thumb Code     0  fflt_clz.o(x$fpl$fflt)
    _fflt                                    0x080041b5   Thumb Code    48  fflt_clz.o(x$fpl$fflt)
    __aeabi_cfcmple                          0x080041e5   Thumb Code     0  fleqf.o(x$fpl$fleqf)
    _fcmple                                  0x080041e5   Thumb Code   104  fleqf.o(x$fpl$fleqf)
    __fpl_fcmple_InfNaN                      0x08004237   Thumb Code     0  fleqf.o(x$fpl$fleqf)
    __fpl_fnaninf                            0x0800424d   Thumb Code   140  fnaninf.o(x$fpl$fnaninf)
    __fpl_fretinf                            0x080042d9   Thumb Code    10  fretinf.o(x$fpl$fretinf)
    __aeabi_cfrcmple                         0x080042e3   Thumb Code     0  frleqf.o(x$fpl$frleqf)
    _frcmple                                 0x080042e3   Thumb Code    98  frleqf.o(x$fpl$frleqf)
    OLED_F8x16                               0x08004344   Data        1520  oled_data.o(.constdata)
    __I$use$fp                               0x08004344   Number         0  usenofp.o(x$fpl$usenofp)
    OLED_F6x8                                0x08004934   Data         570  oled_data.o(.constdata)
    OLED_CF16x16                             0x08004b6e   Data         540  oled_data.o(.constdata)
    Diode                                    0x08004d8a   Data          32  oled_data.o(.constdata)
    Region$$Table$$Base                      0x08004de4   Number         0  anon$$obj.o(Region$$Table)
    Region$$Table$$Limit                     0x08004e04   Number         0  anon$$obj.o(Region$$Table)
    HX711_Buffer                             0x20000014   Data           4  hx711.o(.data)
    Weight_Maopi                             0x20000018   Data           4  hx711.o(.data)
    Weight_Shiwu                             0x2000001c   Data           4  hx711.o(.data)
    Flag_Error                               0x20000020   Data           1  hx711.o(.data)
    __stdout                                 0x20000024   Data           4  usart2.o(.data)
    DHT11_Data                               0x20000028   Data           5  main.o(.data)
    hi                                       0x2000002d   Data           1  main.o(.data)
    hd                                       0x2000002e   Data           1  main.o(.data)
    ti                                       0x2000002f   Data           1  main.o(.data)
    td                                       0x20000030   Data           1  main.o(.data)
    z                                        0x20000031   Data           1  main.o(.data)
    a                                        0x20000032   Data           1  main.o(.data)
    hwds                                     0x20000034   Data           2  main.o(.data)
    water_mlnew                              0x20000038   Data           4  main.o(.data)
    water_mlold                              0x2000003c   Data           4  main.o(.data)
    drink_ml                                 0x20000040   Data           4  main.o(.data)
    water_turn                               0x20000044   Data           4  main.o(.data)
    MPU6050_attitue                          0x20000048   Data           4  main.o(.data)
    Accel                                    0x2000004c   Data           6  main.o(.data)
    OLED_DisplayBuf                          0x20000068   Data        1024  oled.o(.bss)
    currentDataPoint                         0x20000468   Data          12  gizwits_product.o(.bss)
    gizwitsProtocol                          0x20000474   Data         380  gizwits_protocol.o(.bss)
    pRb                                      0x200005f0   Data          16  gizwits_protocol.o(.bss)
    __libspace_start                         0x20000670   Data          96  libspace.o(.bss)
    __temporary_stack_top$libspace           0x200006d0   Data           0  libspace.o(.bss)



==============================================================================

Memory Map of the image

  Image Entry point : 0x080000ed

  Load Region LR_IROM1 (Base: 0x08000000, Size: 0x00004e6c, Max: 0x00010000, ABSOLUTE)

    Execution Region ER_IROM1 (Exec base: 0x08000000, Load base: 0x08000000, Size: 0x00004e04, Max: 0x00010000, ABSOLUTE)

    Exec Addr    Load Addr    Size         Type   Attr      Idx    E Section Name        Object

    0x08000000   0x08000000   0x000000ec   Data   RO            3    RESET               startup_stm32f10x_md.o
    0x080000ec   0x080000ec   0x00000008   Code   RO         4635  * !!!main             c_w.l(__main.o)
    0x080000f4   0x080000f4   0x00000034   Code   RO         5084    !!!scatter          c_w.l(__scatter.o)
    0x08000128   0x08000128   0x0000001a   Code   RO         5086    !!handler_copy      c_w.l(__scatter_copy.o)
    0x08000142   0x08000142   0x00000002   PAD
    0x08000144   0x08000144   0x0000001c   Code   RO         5088    !!handler_zi        c_w.l(__scatter_zi.o)
    0x08000160   0x08000160   0x00000000   Code   RO         4618    .ARM.Collect$$_printf_percent$$00000000  c_w.l(_printf_percent.o)
    0x08000160   0x08000160   0x00000006   Code   RO         4617    .ARM.Collect$$_printf_percent$$00000009  c_w.l(_printf_d.o)
    0x08000166   0x08000166   0x00000006   Code   RO         4616    .ARM.Collect$$_printf_percent$$0000000C  c_w.l(_printf_x.o)
    0x0800016c   0x0800016c   0x00000004   Code   RO         4779    .ARM.Collect$$_printf_percent$$00000017  c_w.l(_printf_percent_end.o)
    0x08000170   0x08000170   0x00000002   Code   RO         5010    .ARM.Collect$$libinit$$00000000  c_w.l(libinit.o)
    0x08000172   0x08000172   0x00000000   Code   RO         4907    .ARM.Collect$$libinit$$00000002  c_w.l(libinit2.o)
    0x08000172   0x08000172   0x00000000   Code   RO         4909    .ARM.Collect$$libinit$$00000004  c_w.l(libinit2.o)
    0x08000172   0x08000172   0x00000000   Code   RO         4912    .ARM.Collect$$libinit$$0000000A  c_w.l(libinit2.o)
    0x08000172   0x08000172   0x00000000   Code   RO         4914    .ARM.Collect$$libinit$$0000000C  c_w.l(libinit2.o)
    0x08000172   0x08000172   0x00000000   Code   RO         4916    .ARM.Collect$$libinit$$0000000E  c_w.l(libinit2.o)
    0x08000172   0x08000172   0x00000000   Code   RO         4919    .ARM.Collect$$libinit$$00000011  c_w.l(libinit2.o)
    0x08000172   0x08000172   0x00000000   Code   RO         4921    .ARM.Collect$$libinit$$00000013  c_w.l(libinit2.o)
    0x08000172   0x08000172   0x00000000   Code   RO         4923    .ARM.Collect$$libinit$$00000015  c_w.l(libinit2.o)
    0x08000172   0x08000172   0x00000000   Code   RO         4925    .ARM.Collect$$libinit$$00000017  c_w.l(libinit2.o)
    0x08000172   0x08000172   0x00000000   Code   RO         4927    .ARM.Collect$$libinit$$00000019  c_w.l(libinit2.o)
    0x08000172   0x08000172   0x00000000   Code   RO         4929    .ARM.Collect$$libinit$$0000001B  c_w.l(libinit2.o)
    0x08000172   0x08000172   0x00000000   Code   RO         4931    .ARM.Collect$$libinit$$0000001D  c_w.l(libinit2.o)
    0x08000172   0x08000172   0x00000000   Code   RO         4933    .ARM.Collect$$libinit$$0000001F  c_w.l(libinit2.o)
    0x08000172   0x08000172   0x00000000   Code   RO         4935    .ARM.Collect$$libinit$$00000021  c_w.l(libinit2.o)
    0x08000172   0x08000172   0x00000000   Code   RO         4937    .ARM.Collect$$libinit$$00000023  c_w.l(libinit2.o)
    0x08000172   0x08000172   0x00000000   Code   RO         4939    .ARM.Collect$$libinit$$00000025  c_w.l(libinit2.o)
    0x08000172   0x08000172   0x00000000   Code   RO         4943    .ARM.Collect$$libinit$$0000002C  c_w.l(libinit2.o)
    0x08000172   0x08000172   0x00000000   Code   RO         4945    .ARM.Collect$$libinit$$0000002E  c_w.l(libinit2.o)
    0x08000172   0x08000172   0x00000000   Code   RO         4947    .ARM.Collect$$libinit$$00000030  c_w.l(libinit2.o)
    0x08000172   0x08000172   0x00000000   Code   RO         4949    .ARM.Collect$$libinit$$00000032  c_w.l(libinit2.o)
    0x08000172   0x08000172   0x00000002   Code   RO         4950    .ARM.Collect$$libinit$$00000033  c_w.l(libinit2.o)
    0x08000174   0x08000174   0x00000002   Code   RO         5081    .ARM.Collect$$libshutdown$$00000000  c_w.l(libshutdown.o)
    0x08000176   0x08000176   0x00000000   Code   RO         5033    .ARM.Collect$$libshutdown$$00000002  c_w.l(libshutdown2.o)
    0x08000176   0x08000176   0x00000000   Code   RO         5035    .ARM.Collect$$libshutdown$$00000004  c_w.l(libshutdown2.o)
    0x08000176   0x08000176   0x00000000   Code   RO         5038    .ARM.Collect$$libshutdown$$00000007  c_w.l(libshutdown2.o)
    0x08000176   0x08000176   0x00000000   Code   RO         5041    .ARM.Collect$$libshutdown$$0000000A  c_w.l(libshutdown2.o)
    0x08000176   0x08000176   0x00000000   Code   RO         5043    .ARM.Collect$$libshutdown$$0000000C  c_w.l(libshutdown2.o)
    0x08000176   0x08000176   0x00000000   Code   RO         5046    .ARM.Collect$$libshutdown$$0000000F  c_w.l(libshutdown2.o)
    0x08000176   0x08000176   0x00000002   Code   RO         5047    .ARM.Collect$$libshutdown$$00000010  c_w.l(libshutdown2.o)
    0x08000178   0x08000178   0x00000000   Code   RO         4711    .ARM.Collect$$rtentry$$00000000  c_w.l(__rtentry.o)
    0x08000178   0x08000178   0x00000000   Code   RO         4841    .ARM.Collect$$rtentry$$00000002  c_w.l(__rtentry2.o)
    0x08000178   0x08000178   0x00000006   Code   RO         4853    .ARM.Collect$$rtentry$$00000004  c_w.l(__rtentry4.o)
    0x0800017e   0x0800017e   0x00000000   Code   RO         4843    .ARM.Collect$$rtentry$$00000009  c_w.l(__rtentry2.o)
    0x0800017e   0x0800017e   0x00000004   Code   RO         4844    .ARM.Collect$$rtentry$$0000000A  c_w.l(__rtentry2.o)
    0x08000182   0x08000182   0x00000000   Code   RO         4846    .ARM.Collect$$rtentry$$0000000C  c_w.l(__rtentry2.o)
    0x08000182   0x08000182   0x00000008   Code   RO         4847    .ARM.Collect$$rtentry$$0000000D  c_w.l(__rtentry2.o)
    0x0800018a   0x0800018a   0x00000002   Code   RO         5018    .ARM.Collect$$rtexit$$00000000  c_w.l(rtexit.o)
    0x0800018c   0x0800018c   0x00000000   Code   RO         5053    .ARM.Collect$$rtexit$$00000002  c_w.l(rtexit2.o)
    0x0800018c   0x0800018c   0x00000004   Code   RO         5054    .ARM.Collect$$rtexit$$00000003  c_w.l(rtexit2.o)
    0x08000190   0x08000190   0x00000006   Code   RO         5055    .ARM.Collect$$rtexit$$00000004  c_w.l(rtexit2.o)
    0x08000196   0x08000196   0x00000002   PAD
    0x08000198   0x08000198   0x00000040   Code   RO            4    .text               startup_stm32f10x_md.o
    0x080001d8   0x080001d8   0x00000002   Code   RO         4503    .text               c_w.l(use_no_semi_2.o)
    0x080001da   0x080001da   0x0000004e   Code   RO         4507    .text               c_w.l(h1_free.o)
    0x08000228   0x08000228   0x00000018   Code   RO         4565    .text               c_w.l(__2printf.o)
    0x08000240   0x08000240   0x0000004e   Code   RO         4571    .text               c_w.l(_printf_pad.o)
    0x0800028e   0x0800028e   0x00000002   PAD
    0x08000290   0x08000290   0x00000078   Code   RO         4573    .text               c_w.l(_printf_dec.o)
    0x08000308   0x08000308   0x00000094   Code   RO         4593    .text               c_w.l(_printf_hex_int_ll_ptr.o)
    0x0800039c   0x0800039c   0x00000188   Code   RO         4613    .text               c_w.l(__printf_flags_ss_wp.o)
    0x08000524   0x08000524   0x0000008a   Code   RO         4621    .text               c_w.l(rt_memcpy_v6.o)
    0x080005ae   0x080005ae   0x00000064   Code   RO         4623    .text               c_w.l(rt_memcpy_w.o)
    0x08000612   0x08000612   0x00000010   Code   RO         4625    .text               c_w.l(aeabi_memset.o)
    0x08000622   0x08000622   0x00000044   Code   RO         4627    .text               c_w.l(rt_memclr.o)
    0x08000666   0x08000666   0x0000004e   Code   RO         4629    .text               c_w.l(rt_memclr_w.o)
    0x080006b4   0x080006b4   0x00000080   Code   RO         4631    .text               c_w.l(strcmpv7m.o)
    0x08000734   0x08000734   0x00000006   Code   RO         4633    .text               c_w.l(heapauxi.o)
    0x0800073a   0x0800073a   0x00000002   Code   RO         4707    .text               c_w.l(use_no_semi.o)
    0x0800073c   0x0800073c   0x00000008   Code   RO         4717    .text               c_w.l(rt_heap_descriptor_intlibspace.o)
    0x08000744   0x08000744   0x000000b2   Code   RO         4747    .text               c_w.l(_printf_intcommon.o)
    0x080007f6   0x080007f6   0x00000002   PAD
    0x080007f8   0x080007f8   0x00000030   Code   RO         4751    .text               c_w.l(_printf_char_common.o)
    0x08000828   0x08000828   0x00000024   Code   RO         4755    .text               c_w.l(_printf_char_file.o)
    0x0800084c   0x0800084c   0x00000008   Code   RO         4837    .text               c_w.l(libspace.o)
    0x08000854   0x08000854   0x00000008   Code   RO         4888    .text               c_w.l(ferror.o)
    0x0800085c   0x0800085c   0x0000004a   Code   RO         4959    .text               c_w.l(sys_stackheap_outer.o)
    0x080008a6   0x080008a6   0x00000012   Code   RO         4997    .text               c_w.l(exit.o)
    0x080008b8   0x080008b8   0x00000004   Code   RO         3998    i.BusFault_Handler  stm32f10x_it.o
    0x080008bc   0x080008bc   0x00000034   Code   RO         3595    i.DHT11_GPIO_Config  dht11.o
    0x080008f0   0x080008f0   0x0000001c   Code   RO         3596    i.DHT11_Mode_IPU    dht11.o
    0x0800090c   0x0800090c   0x00000024   Code   RO         3597    i.DHT11_Mode_Out_PP  dht11.o
    0x08000930   0x08000930   0x00000044   Code   RO         3927    i.DHT11dushu        main.o
    0x08000974   0x08000974   0x00000002   Code   RO         3999    i.DebugMon_Handler  stm32f10x_it.o
    0x08000976   0x08000976   0x00000018   Code   RO         3196    i.Delay_ms          delay.o
    0x0800098e   0x0800098e   0x0000002e   Code   RO         3198    i.Delay_us          delay.o
    0x080009bc   0x080009bc   0x00000116   Code   RO         1347    i.GPIO_Init         stm32f10x_gpio.o
    0x08000ad2   0x08000ad2   0x00000012   Code   RO         1351    i.GPIO_ReadInputDataBit  stm32f10x_gpio.o
    0x08000ae4   0x08000ae4   0x00000004   Code   RO         1354    i.GPIO_ResetBits    stm32f10x_gpio.o
    0x08000ae8   0x08000ae8   0x00000004   Code   RO         1355    i.GPIO_SetBits      stm32f10x_gpio.o
    0x08000aec   0x08000aec   0x0000000a   Code   RO         1358    i.GPIO_WriteBit     stm32f10x_gpio.o
    0x08000af6   0x08000af6   0x00000002   PAD
    0x08000af8   0x08000af8   0x00000010   Code   RO         3631    i.Get_Maopi         hx711.o
    0x08000b08   0x08000b08   0x00000064   Code   RO         3632    i.Get_Weight        hx711.o
    0x08000b6c   0x08000b6c   0x0000001c   Code   RO         3571    i.HW_GetData        hw.o
    0x08000b88   0x08000b88   0x00000024   Code   RO         3572    i.HW_Init           hw.o
    0x08000bac   0x08000bac   0x00000074   Code   RO         3633    i.HX711_Read        hx711.o
    0x08000c20   0x08000c20   0x00000004   Code   RO         4000    i.HardFault_Handler  stm32f10x_it.o
    0x08000c24   0x08000c24   0x00000048   Code   RO         3634    i.Init_HX711pin     hx711.o
    0x08000c6c   0x08000c6c   0x00000040   Code   RO         3753    i.MPU6050ReadAcc    mpu6050.o
    0x08000cac   0x08000cac   0x00000048   Code   RO         3757    i.MPU6050_Init      mpu6050.o
    0x08000cf4   0x08000cf4   0x00000058   Code   RO         3758    i.MPU6050_ReadData  mpu6050.o
    0x08000d4c   0x08000d4c   0x0000002e   Code   RO         3760    i.MPU6050_WriteReg  mpu6050.o
    0x08000d7a   0x08000d7a   0x00000004   Code   RO         4001    i.MemManage_Handler  stm32f10x_it.o
    0x08000d7e   0x08000d7e   0x00000002   Code   RO         4002    i.NMI_Handler       stm32f10x_it.o
    0x08000d80   0x08000d80   0x00000070   Code   RO          137    i.NVIC_Init         misc.o
    0x08000df0   0x08000df0   0x000000dc   Code   RO         3928    i.OLEDDHT11         main.o
    0x08000ecc   0x08000ecc   0x00000028   Code   RO         3289    i.OLED_Clear        oled.o
    0x08000ef4   0x08000ef4   0x00000090   Code   RO         3290    i.OLED_ClearArea    oled.o
    0x08000f84   0x08000f84   0x00000098   Code   RO         3298    i.OLED_GPIO_Init    oled.o
    0x0800101c   0x0800101c   0x0000009a   Code   RO         3300    i.OLED_Init         oled.o
    0x080010b6   0x080010b6   0x00000014   Code   RO         3302    i.OLED_Pow          oled.o
    0x080010ca   0x080010ca   0x00000032   Code   RO         3306    i.OLED_SPI_SendByte  oled.o
    0x080010fc   0x080010fc   0x00000022   Code   RO         3307    i.OLED_SetCursor    oled.o
    0x0800111e   0x0800111e   0x00000002   PAD
    0x08001120   0x08001120   0x00000054   Code   RO         3309    i.OLED_ShowChar     oled.o
    0x08001174   0x08001174   0x00000098   Code   RO         3310    i.OLED_ShowChinese  oled.o
    0x0800120c   0x0800120c   0x000000fc   Code   RO         3313    i.OLED_ShowImage    oled.o
    0x08001308   0x08001308   0x0000004c   Code   RO         3314    i.OLED_ShowNum      oled.o
    0x08001354   0x08001354   0x0000002e   Code   RO         3316    i.OLED_ShowString   oled.o
    0x08001382   0x08001382   0x00000002   PAD
    0x08001384   0x08001384   0x00000028   Code   RO         3317    i.OLED_Update       oled.o
    0x080013ac   0x080013ac   0x00000014   Code   RO         3319    i.OLED_W_CS         oled.o
    0x080013c0   0x080013c0   0x00000014   Code   RO         3320    i.OLED_W_D0         oled.o
    0x080013d4   0x080013d4   0x00000014   Code   RO         3321    i.OLED_W_D1         oled.o
    0x080013e8   0x080013e8   0x00000014   Code   RO         3322    i.OLED_W_DC         oled.o
    0x080013fc   0x080013fc   0x00000014   Code   RO         3323    i.OLED_W_RES        oled.o
    0x08001410   0x08001410   0x0000001e   Code   RO         3324    i.OLED_WriteCommand  oled.o
    0x0800142e   0x0800142e   0x0000002c   Code   RO         3325    i.OLED_WriteData    oled.o
    0x0800145a   0x0800145a   0x00000002   Code   RO         4003    i.PendSV_Handler    stm32f10x_it.o
    0x0800145c   0x0800145c   0x00000020   Code   RO         1775    i.RCC_APB1PeriphClockCmd  stm32f10x_rcc.o
    0x0800147c   0x0800147c   0x00000020   Code   RO         1777    i.RCC_APB2PeriphClockCmd  stm32f10x_rcc.o
    0x0800149c   0x0800149c   0x000000d4   Code   RO         1785    i.RCC_GetClocksFreq  stm32f10x_rcc.o
    0x08001570   0x08001570   0x00000060   Code   RO         3598    i.Read_Byte         dht11.o
    0x080015d0   0x080015d0   0x000000a0   Code   RO         3599    i.Read_DHT11        dht11.o
    0x08001670   0x08001670   0x00000002   Code   RO         4004    i.SVC_Handler       stm32f10x_it.o
    0x08001672   0x08001672   0x00000008   Code   RO           24    i.SetSysClock       system_stm32f10x.o
    0x0800167a   0x0800167a   0x00000002   PAD
    0x0800167c   0x0800167c   0x000000e0   Code   RO           25    i.SetSysClockTo72   system_stm32f10x.o
    0x0800175c   0x0800175c   0x00000002   Code   RO         4005    i.SysTick_Handler   stm32f10x_it.o
    0x0800175e   0x0800175e   0x00000002   PAD
    0x08001760   0x08001760   0x00000060   Code   RO           27    i.SystemInit        system_stm32f10x.o
    0x080017c0   0x080017c0   0x00000018   Code   RO         3881    i.TIM1_UP_IRQHandler  timer.o
    0x080017d8   0x080017d8   0x00000020   Code   RO         3883    i.TIM4_IRQHandler   timer.o
    0x080017f8   0x080017f8   0x00000060   Code   RO         3884    i.TIM4_Int_Init     timer.o
    0x08001858   0x08001858   0x00000006   Code   RO         2415    i.TIM_ClearFlag     stm32f10x_tim.o
    0x0800185e   0x0800185e   0x00000006   Code   RO         2416    i.TIM_ClearITPendingBit  stm32f10x_tim.o
    0x08001864   0x08001864   0x00000018   Code   RO         2421    i.TIM_Cmd           stm32f10x_tim.o
    0x0800187c   0x0800187c   0x00000022   Code   RO         2442    i.TIM_GetITStatus   stm32f10x_tim.o
    0x0800189e   0x0800189e   0x00000012   Code   RO         2446    i.TIM_ITConfig      stm32f10x_tim.o
    0x080018b0   0x080018b0   0x000000a4   Code   RO         2492    i.TIM_TimeBaseInit  stm32f10x_tim.o
    0x08001954   0x08001954   0x00000028   Code   RO         3822    i.USART2_IRQHandler  usart2.o
    0x0800197c   0x0800197c   0x00000018   Code   RO         2960    i.USART_Cmd         stm32f10x_usart.o
    0x08001994   0x08001994   0x0000001a   Code   RO         2963    i.USART_GetFlagStatus  stm32f10x_usart.o
    0x080019ae   0x080019ae   0x00000054   Code   RO         2964    i.USART_GetITStatus  stm32f10x_usart.o
    0x08001a02   0x08001a02   0x0000004a   Code   RO         2966    i.USART_ITConfig    stm32f10x_usart.o
    0x08001a4c   0x08001a4c   0x000000d8   Code   RO         2967    i.USART_Init        stm32f10x_usart.o
    0x08001b24   0x08001b24   0x0000000a   Code   RO         2974    i.USART_ReceiveData  stm32f10x_usart.o
    0x08001b2e   0x08001b2e   0x00000008   Code   RO         2977    i.USART_SendData    stm32f10x_usart.o
    0x08001b36   0x08001b36   0x00000004   Code   RO         4006    i.UsageFault_Handler  stm32f10x_it.o
    0x08001b3a   0x08001b3a   0x00000002   PAD
    0x08001b3c   0x08001b3c   0x00000178   Code   RO         3929    i.ZTjianc_Pro       main.o
    0x08001cb4   0x08001cb4   0x0000000e   Code   RO         4606    i._is_digit         c_w.l(__printf_wp.o)
    0x08001cc2   0x08001cc2   0x00000004   Code   RO         3823    i._sys_exit         usart2.o
    0x08001cc6   0x08001cc6   0x0000001a   Code   RO         4063    i.exchangeBytes     common.o
    0x08001ce0   0x08001ce0   0x0000001a   Code   RO         4064    i.exchangeWord      common.o
    0x08001cfa   0x08001cfa   0x00000002   Code   RO         3824    i.fputc             usart2.o
    0x08001cfc   0x08001cfc   0x00000032   Code   RO         4136    i.gizByteOrderExchange  datapointtools.o
    0x08001d2e   0x08001d2e   0x00000002   PAD
    0x08001d30   0x08001d30   0x00000134   Code   RO         4334    i.gizCheckReport    gizwits_protocol.o
    0x08001e64   0x08001e64   0x00000130   Code   RO         4336    i.gizDataPoints2ReportData  gizwits_protocol.o
    0x08001f94   0x08001f94   0x000000f0   Code   RO         4337    i.gizDevReportPolicy  gizwits_protocol.o
    0x08002084   0x08002084   0x0000000c   Code   RO         4257    i.gizGetTimerCount  gizwits_product.o
    0x08002090   0x08002090   0x0000008c   Code   RO         4338    i.gizProtocolAckHandle  gizwits_protocol.o
    0x0800211c   0x0800211c   0x000000a0   Code   RO         4339    i.gizProtocolCommonAck  gizwits_protocol.o
    0x080021bc   0x080021bc   0x000000a4   Code   RO         4340    i.gizProtocolErrorCmd  gizwits_protocol.o
    0x08002260   0x08002260   0x0000017c   Code   RO         4341    i.gizProtocolGetDeviceInfo  gizwits_protocol.o
    0x080023dc   0x080023dc   0x000001fc   Code   RO         4342    i.gizProtocolGetOnePacket  gizwits_protocol.o
    0x080025d8   0x080025d8   0x00000050   Code   RO         4343    i.gizProtocolHeadInit  gizwits_protocol.o
    0x08002628   0x08002628   0x0000013c   Code   RO         4344    i.gizProtocolIssuedDataAck  gizwits_protocol.o
    0x08002764   0x08002764   0x00000134   Code   RO         4345    i.gizProtocolIssuedProcess  gizwits_protocol.o
    0x08002898   0x08002898   0x0000005c   Code   RO         4346    i.gizProtocolModuleInfoHandle  gizwits_protocol.o
    0x080028f4   0x080028f4   0x00000504   Code   RO         4347    i.gizProtocolModuleStatus  gizwits_protocol.o
    0x08002df8   0x08002df8   0x0000008c   Code   RO         4348    i.gizProtocolNTP    gizwits_protocol.o
    0x08002e84   0x08002e84   0x0000001c   Code   RO         4349    i.gizProtocolReboot  gizwits_protocol.o
    0x08002ea0   0x08002ea0   0x0000007c   Code   RO         4350    i.gizProtocolResendData  gizwits_protocol.o
    0x08002f1c   0x08002f1c   0x00000026   Code   RO         4066    i.gizProtocolSum    common.o
    0x08002f42   0x08002f42   0x00000002   PAD
    0x08002f44   0x08002f44   0x00000064   Code   RO         4351    i.gizProtocolWaitAck  gizwits_protocol.o
    0x08002fa8   0x08002fa8   0x00000048   Code   RO         4352    i.gizProtocolWaitAckCheck  gizwits_protocol.o
    0x08002ff0   0x08002ff0   0x00000074   Code   RO         4353    i.gizPutData        gizwits_protocol.o
    0x08003064   0x08003064   0x000000f4   Code   RO         4354    i.gizReportData     gizwits_protocol.o
    0x08003158   0x08003158   0x00000010   Code   RO         4258    i.gizTimerMs        gizwits_product.o
    0x08003168   0x08003168   0x0000000e   Code   RO         4143    i.gizY2X            datapointtools.o
    0x08003176   0x08003176   0x00000002   PAD
    0x08003178   0x08003178   0x00000134   Code   RO         4259    i.gizwitsEventProcess  gizwits_product.o
    0x080032ac   0x080032ac   0x0000031c   Code   RO         4357    i.gizwitsHandle     gizwits_protocol.o
    0x080035c8   0x080035c8   0x00000064   Code   RO         4358    i.gizwitsInit       gizwits_protocol.o
    0x0800362c   0x0800362c   0x00000038   Code   RO         3682    i.i2c_Ack           bsp_i2c.o
    0x08003664   0x08003664   0x0000000e   Code   RO         3684    i.i2c_Delay         bsp_i2c.o
    0x08003672   0x08003672   0x00000002   PAD
    0x08003674   0x08003674   0x00000030   Code   RO         3685    i.i2c_GPIO_Config   bsp_i2c.o
    0x080036a4   0x080036a4   0x00000030   Code   RO         3686    i.i2c_NAck          bsp_i2c.o
    0x080036d4   0x080036d4   0x00000054   Code   RO         3687    i.i2c_ReadByte      bsp_i2c.o
    0x08003728   0x08003728   0x0000005c   Code   RO         3688    i.i2c_SendByte      bsp_i2c.o
    0x08003784   0x08003784   0x00000034   Code   RO         3689    i.i2c_Start         bsp_i2c.o
    0x080037b8   0x080037b8   0x00000024   Code   RO         3690    i.i2c_Stop          bsp_i2c.o
    0x080037dc   0x080037dc   0x00000044   Code   RO         3691    i.i2c_WaitAck       bsp_i2c.o
    0x08003820   0x08003820   0x00000064   Code   RO         3930    i.main              main.o
    0x08003884   0x08003884   0x00000030   Code   RO         4260    i.mcuRestart        gizwits_product.o
    0x080038b4   0x080038b4   0x00000038   Code   RO         4204    i.rbCanRead         ringbuffer.o
    0x080038ec   0x080038ec   0x0000001e   Code   RO         4205    i.rbCanWrite        ringbuffer.o
    0x0800390a   0x0800390a   0x0000000e   Code   RO         4206    i.rbCapacity        ringbuffer.o
    0x08003918   0x08003918   0x00000016   Code   RO         4207    i.rbCreate          ringbuffer.o
    0x0800392e   0x0800392e   0x000000a2   Code   RO         4209    i.rbRead            ringbuffer.o
    0x080039d0   0x080039d0   0x0000009a   Code   RO         4210    i.rbWrite           ringbuffer.o
    0x08003a6a   0x08003a6a   0x00000002   PAD
    0x08003a6c   0x08003a6c   0x00000058   Code   RO         4261    i.uartWrite         gizwits_product.o
    0x08003ac4   0x08003ac4   0x000000a4   Code   RO         3825    i.usart2_init       usart2.o
    0x08003b68   0x08003b68   0x00000024   Code   RO         4262    i.userHandle        gizwits_product.o
    0x08003b8c   0x08003b8c   0x0000001c   Code   RO         4263    i.userInit          gizwits_product.o
    0x08003ba8   0x08003ba8   0x00000062   Code   RO         4637    x$fpl$d2f           fz_ws.l(d2f.o)
    0x08003c0a   0x08003c0a   0x00000002   PAD
    0x08003c0c   0x08003c0c   0x000002b0   Code   RO         4646    x$fpl$ddiv          fz_ws.l(ddiv.o)
    0x08003ebc   0x08003ebc   0x0000005e   Code   RO         4649    x$fpl$dfix          fz_ws.l(dfix.o)
    0x08003f1a   0x08003f1a   0x0000002e   Code   RO         4658    x$fpl$dflt          fz_ws.l(dflt_clz.o)
    0x08003f48   0x08003f48   0x00000154   Code   RO         4665    x$fpl$dmul          fz_ws.l(dmul.o)
    0x0800409c   0x0800409c   0x0000009c   Code   RO         4791    x$fpl$dnaninf       fz_ws.l(dnaninf.o)
    0x08004138   0x08004138   0x0000000c   Code   RO         4793    x$fpl$dretinf       fz_ws.l(dretinf.o)
    0x08004144   0x08004144   0x00000056   Code   RO         4669    x$fpl$f2d           fz_ws.l(f2d.o)
    0x0800419a   0x0800419a   0x00000018   Code   RO         4797    x$fpl$fcmpinf       fz_ws.l(fcmpi.o)
    0x080041b2   0x080041b2   0x00000002   PAD
    0x080041b4   0x080041b4   0x00000030   Code   RO         4686    x$fpl$fflt          fz_ws.l(fflt_clz.o)
    0x080041e4   0x080041e4   0x00000068   Code   RO         4691    x$fpl$fleqf         fz_ws.l(fleqf.o)
    0x0800424c   0x0800424c   0x0000008c   Code   RO         4799    x$fpl$fnaninf       fz_ws.l(fnaninf.o)
    0x080042d8   0x080042d8   0x0000000a   Code   RO         4801    x$fpl$fretinf       fz_ws.l(fretinf.o)
    0x080042e2   0x080042e2   0x00000062   Code   RO         4695    x$fpl$frleqf        fz_ws.l(frleqf.o)
    0x08004344   0x08004344   0x00000000   Code   RO         4811    x$fpl$usenofp       fz_ws.l(usenofp.o)
    0x08004344   0x08004344   0x00000a66   Data   RO         3810    .constdata          oled_data.o
    0x08004daa   0x08004daa   0x00000028   Data   RO         4594    .constdata          c_w.l(_printf_hex_int_ll_ptr.o)
    0x08004dd2   0x08004dd2   0x00000011   Data   RO         4614    .constdata          c_w.l(__printf_flags_ss_wp.o)
    0x08004de3   0x08004de3   0x00000001   PAD
    0x08004de4   0x08004de4   0x00000020   Data   RO         5082    Region$$Table       anon$$obj.o


    Execution Region RW_IRAM1 (Exec base: 0x20000000, Load base: 0x08004e04, Size: 0x00000cd0, Max: 0x00005000, ABSOLUTE)

    Exec Addr    Load Addr    Size         Type   Attr      Idx    E Section Name        Object

    0x20000000   0x08004e04   0x00000014   Data   RW         1805    .data               stm32f10x_rcc.o
    0x20000014   0x08004e18   0x0000000d   Data   RW         3635    .data               hx711.o
    0x20000021   0x08004e25   0x00000003   PAD
    0x20000024   0x08004e28   0x00000004   Data   RW         3826    .data               usart2.o
    0x20000028   0x08004e2c   0x0000002a   Data   RW         3931    .data               main.o
    0x20000052   0x08004e56   0x00000002   PAD
    0x20000054   0x08004e58   0x00000004   Data   RW         4265    .data               gizwits_product.o
    0x20000058   0x08004e5c   0x00000010   Data   RW         4362    .data               gizwits_protocol.o
    0x20000068        -       0x00000400   Zero   RW         3327    .bss                oled.o
    0x20000468        -       0x0000000c   Zero   RW         4264    .bss                gizwits_product.o
    0x20000474        -       0x000001fa   Zero   RW         4361    .bss                gizwits_protocol.o
    0x2000066e   0x08004e6c   0x00000002   PAD
    0x20000670        -       0x00000060   Zero   RW         4838    .bss                c_w.l(libspace.o)
    0x200006d0        -       0x00000200   Zero   RW            2    HEAP                startup_stm32f10x_md.o
    0x200008d0        -       0x00000400   Zero   RW            1    STACK               startup_stm32f10x_md.o


==============================================================================

Image component sizes


      Code (inc. data)   RO Data    RW Data    ZI Data      Debug   Object Name

       498         36          0          0          0       4346   bsp_i2c.o
        90          0          0          0          0       3320   common.o
         0          0          0          0          0       4500   core_cm3.o
        64          0          0          0          0       1664   datapointtools.o
        70          0          0          0          0        922   delay.o
       372         28          0          0          0       3437   dht11.o
       536        198          0          4         12      27002   gizwits_product.o
      6004       2074          0         16        506      17193   gizwits_protocol.o
        64          8          0          0          0        915   hw.o
       304         34          0         13          0       2322   hx711.o
       764        146          0         42          0       3706   main.o
       112         12          0          0          0     204260   misc.o
       270          0          0          0          0       2310   mpu6050.o
      1418         58          0          0       1024      12134   oled.o
         0          0       2662          0          0       1078   oled_data.o
       438          0          0          0          0       4392   ringbuffer.o
        64         26        236          0       1536        816   startup_stm32f10x_md.o
         0          0          0          0          0       1656   stm32f10x_adc.o
       314          0          0          0          0      12320   stm32f10x_gpio.o
        26          0          0          0          0       3722   stm32f10x_it.o
       276         32          0         20          0      12950   stm32f10x_rcc.o
       252         42          0          0          0      24130   stm32f10x_tim.o
       442          6          0          0          0      11861   stm32f10x_usart.o
       328         28          0          0          0      45201   system_stm32f10x.o
       152         16          0          0          0       2755   timer.o
       210         16          0          4          0       3800   usart2.o

    ----------------------------------------------------------------------
     13090       2760       2930        104       3080     412712   Object Totals
         0          0         32          0          0          0   (incl. Generated)
        22          0          0          5          2          0   (incl. Padding)

    ----------------------------------------------------------------------

      Code (inc. data)   RO Data    RW Data    ZI Data      Debug   Library Member Name

        24          4          0          0          0         84   __2printf.o
         8          0          0          0          0         68   __main.o
       392          4         17          0          0         92   __printf_flags_ss_wp.o
        14          0          0          0          0         68   __printf_wp.o
         0          0          0          0          0          0   __rtentry.o
        12          0          0          0          0          0   __rtentry2.o
         6          0          0          0          0          0   __rtentry4.o
        52          8          0          0          0          0   __scatter.o
        26          0          0          0          0          0   __scatter_copy.o
        28          0          0          0          0          0   __scatter_zi.o
        48          6          0          0          0         96   _printf_char_common.o
        36          4          0          0          0         80   _printf_char_file.o
         6          0          0          0          0          0   _printf_d.o
       120         16          0          0          0         92   _printf_dec.o
       148          4         40          0          0        160   _printf_hex_int_ll_ptr.o
       178          0          0          0          0         88   _printf_intcommon.o
        78          0          0          0          0        108   _printf_pad.o
         0          0          0          0          0          0   _printf_percent.o
         4          0          0          0          0          0   _printf_percent_end.o
         6          0          0          0          0          0   _printf_x.o
        16          0          0          0          0         68   aeabi_memset.o
        18          0          0          0          0         80   exit.o
         8          0          0          0          0         68   ferror.o
        78          0          0          0          0         80   h1_free.o
         6          0          0          0          0        152   heapauxi.o
         2          0          0          0          0          0   libinit.o
         2          0          0          0          0          0   libinit2.o
         2          0          0          0          0          0   libshutdown.o
         2          0          0          0          0          0   libshutdown2.o
         8          4          0          0         96         68   libspace.o
         8          4          0          0          0         68   rt_heap_descriptor_intlibspace.o
        68          0          0          0          0         68   rt_memclr.o
        78          0          0          0          0         80   rt_memclr_w.o
       138          0          0          0          0         68   rt_memcpy_v6.o
       100          0          0          0          0         80   rt_memcpy_w.o
         2          0          0          0          0          0   rtexit.o
        10          0          0          0          0          0   rtexit2.o
       128          0          0          0          0         68   strcmpv7m.o
        74          0          0          0          0         80   sys_stackheap_outer.o
         2          0          0          0          0         68   use_no_semi.o
         2          0          0          0          0         68   use_no_semi_2.o
        98          4          0          0          0         92   d2f.o
       688        140          0          0          0        208   ddiv.o
        94          4          0          0          0         92   dfix.o
        46          0          0          0          0         68   dflt_clz.o
       340         12          0          0          0        104   dmul.o
       156          4          0          0          0         92   dnaninf.o
        12          0          0          0          0         68   dretinf.o
        86          4          0          0          0         84   f2d.o
        24          0          0          0          0         68   fcmpi.o
        48          0          0          0          0         68   fflt_clz.o
       104          4          0          0          0         84   fleqf.o
       140          4          0          0          0         84   fnaninf.o
        10          0          0          0          0         68   fretinf.o
        98          0          0          0          0         68   frleqf.o
         0          0          0          0          0          0   usenofp.o

    ----------------------------------------------------------------------
      3894        230         58          0         96       3348   Library Totals
        12          0          1          0          0          0   (incl. Padding)

    ----------------------------------------------------------------------

      Code (inc. data)   RO Data    RW Data    ZI Data      Debug   Library Name

      1938         54         57          0         96       2100   c_w.l
      1944        176          0          0          0       1248   fz_ws.l

    ----------------------------------------------------------------------
      3894        230         58          0         96       3348   Library Totals

    ----------------------------------------------------------------------

==============================================================================


      Code (inc. data)   RO Data    RW Data    ZI Data      Debug   

     16984       2990       2988        104       3176     407684   Grand Totals
     16984       2990       2988        104       3176     407684   ELF Image Totals
     16984       2990       2988        104          0          0   ROM Totals

==============================================================================

    Total RO  Size (Code + RO Data)                19972 (  19.50kB)
    Total RW  Size (RW Data + ZI Data)              3280 (   3.20kB)
    Total ROM Size (Code + RO Data + RW Data)      20076 (  19.61kB)

==============================================================================

